2026-08-10T01:59:15Z DONE address/src/main/java/com/alibaba/nacos/address/AddressServer.java wave1a [0:15]
2026-08-10T01:59:15Z DONE address/src/main/java/com/alibaba/nacos/address/component/AddressServerGeneratorManager.java wave1a [0:15]
2026-08-10T01:59:15Z DONE address/src/main/java/com/alibaba/nacos/address/component/AddressServerManager.java wave1a [0:15]
2026-08-10T01:59:15Z DONE address/src/main/java/com/alibaba/nacos/address/config/AddressServerSecurityConfiguration.java wave1a [0:15]
2026-08-10T01:59:15Z DONE address/src/main/java/com/alibaba/nacos/address/constant/AddressServerConstants.java wave1a [0:15]
2026-08-10T01:59:15Z DONE address/src/main/java/com/alibaba/nacos/address/controller/AddressServerClusterController.java wave1a [0:15]
2026-08-10T01:59:15Z DONE address/src/main/java/com/alibaba/nacos/address/controller/ServerListController.java wave1a [0:15]
2026-08-10T01:59:15Z DONE address/src/main/java/com/alibaba/nacos/address/misc/Loggers.java wave1a [0:15]
2026-08-10T01:59:15Z DONE ai/src/main/java/com/alibaba/nacos/ai/config/AgentSpecDataBootstrapInitializer.java wave1a [0:15]
2026-08-10T01:59:15Z DONE ai/src/main/java/com/alibaba/nacos/ai/config/AiEnabledFilter.java wave1a [0:15]
2026-08-10T01:59:15Z DONE ai/src/main/java/com/alibaba/nacos/ai/config/AiResourceStorageInitializer.java wave1a [0:15]
2026-08-10T01:59:15Z DONE ai/src/main/java/com/alibaba/nacos/ai/config/LegacyPromptData.java wave1a [0:15]
2026-08-10T01:59:15Z DONE ai/src/main/java/com/alibaba/nacos/ai/config/McpCacheIndexProperties.java wave1a [0:15]
2026-08-10T01:59:15Z DONE ai/src/main/java/com/alibaba/nacos/ai/config/McpConfiguration.java wave1a [0:15]
2026-08-10T01:59:15Z DONE ai/src/main/java/com/alibaba/nacos/ai/config/McpServerIndexConfiguration.java wave1a [0:15]
2026-08-10T01:59:30Z DONE ai/src/main/java/com/alibaba/nacos/ai/config/NacosPromptLegacyDataReader.java wave1b [15:30]
2026-08-10T01:59:30Z DONE ai/src/main/java/com/alibaba/nacos/ai/config/PipelineConfiguration.java wave1b [15:30]
2026-08-10T01:59:30Z DONE ai/src/main/java/com/alibaba/nacos/ai/config/PromptDataMigrationTask.java wave1b [15:30]
2026-08-10T01:59:30Z DONE ai/src/main/java/com/alibaba/nacos/ai/config/PromptLegacyDataReader.java wave1b [15:30]
2026-08-10T01:59:30Z DONE ai/src/main/java/com/alibaba/nacos/ai/config/SkillDataBootstrapInitializer.java wave1b [15:30]
2026-08-10T01:59:30Z DONE ai/src/main/java/com/alibaba/nacos/ai/constant/AiResourceConstants.java wave1b [15:30]
2026-08-10T01:59:30Z DONE ai/src/main/java/com/alibaba/nacos/ai/constant/Constants.java wave1b [15:30]
2026-08-10T01:59:30Z DONE ai/src/main/java/com/alibaba/nacos/ai/constant/McpServerValidationConstants.java wave1b [15:30]
2026-08-10T01:59:30Z DONE ai/src/main/java/com/alibaba/nacos/ai/controller/A2aAdminController.java wave1b [15:30]
2026-08-10T01:59:30Z DONE ai/src/main/java/com/alibaba/nacos/ai/controller/AgentSpecAdminController.java wave1b [15:30]
2026-08-10T01:59:30Z DONE ai/src/main/java/com/alibaba/nacos/ai/controller/AgentSpecClientController.java wave1b [15:30]
2026-08-10T01:59:30Z DONE ai/src/main/java/com/alibaba/nacos/ai/controller/AiResourceImportAdminController.java wave1b [15:30]
2026-08-10T01:59:30Z DONE ai/src/main/java/com/alibaba/nacos/ai/controller/McpAdminController.java wave1b [15:30]
2026-08-10T01:59:30Z DONE ai/src/main/java/com/alibaba/nacos/ai/controller/PipelineAdminController.java wave1b [15:30]
2026-08-10T01:59:30Z DONE ai/src/main/java/com/alibaba/nacos/ai/controller/PromptAdminController.java wave1b [15:30]
2026-08-10T01:59:40Z DONE ai/src/main/java/com/alibaba/nacos/ai/config/NacosPromptLegacyDataReader.java wave1b [15:30]
2026-08-10T01:59:40Z DONE ai/src/main/java/com/alibaba/nacos/ai/config/PipelineConfiguration.java wave1b [15:30]
2026-08-10T01:59:40Z DONE ai/src/main/java/com/alibaba/nacos/ai/config/PromptDataMigrationTask.java wave1b [15:30]
2026-08-10T01:59:40Z DONE ai/src/main/java/com/alibaba/nacos/ai/config/PromptLegacyDataReader.java wave1b [15:30]
2026-08-10T01:59:40Z DONE ai/src/main/java/com/alibaba/nacos/ai/config/SkillDataBootstrapInitializer.java wave1b [15:30]
2026-08-10T01:59:40Z DONE ai/src/main/java/com/alibaba/nacos/ai/constant/AiResourceConstants.java wave1b [15:30]
2026-08-10T01:59:40Z DONE ai/src/main/java/com/alibaba/nacos/ai/constant/Constants.java wave1b [15:30]
2026-08-10T01:59:40Z DONE ai/src/main/java/com/alibaba/nacos/ai/constant/McpServerValidationConstants.java wave1b [15:30]
2026-08-10T01:59:40Z DONE ai/src/main/java/com/alibaba/nacos/ai/controller/A2aAdminController.java wave1b [15:30]
2026-08-10T01:59:40Z DONE ai/src/main/java/com/alibaba/nacos/ai/controller/AgentSpecAdminController.java wave1b [15:30]
2026-08-10T01:59:40Z DONE ai/src/main/java/com/alibaba/nacos/ai/controller/AgentSpecClientController.java wave1b [15:30]
2026-08-10T01:59:40Z DONE ai/src/main/java/com/alibaba/nacos/ai/controller/AiResourceImportAdminController.java wave1b [15:30]
2026-08-10T01:59:40Z DONE ai/src/main/java/com/alibaba/nacos/ai/controller/McpAdminController.java wave1b [15:30]
2026-08-10T01:59:40Z DONE ai/src/main/java/com/alibaba/nacos/ai/controller/PipelineAdminController.java wave1b [15:30]
2026-08-10T01:59:40Z DONE ai/src/main/java/com/alibaba/nacos/ai/controller/PromptAdminController.java wave1b [15:30]
2026-08-10T02:00:12Z DONE address/src/main/java/com/alibaba/nacos/address/AddressServer.java wave1a [0:15]
2026-08-10T02:00:12Z DONE address/src/main/java/com/alibaba/nacos/address/component/AddressServerGeneratorManager.java wave1a [0:15]
2026-08-10T02:00:12Z DONE address/src/main/java/com/alibaba/nacos/address/component/AddressServerManager.java wave1a [0:15]
2026-08-10T02:00:12Z DONE address/src/main/java/com/alibaba/nacos/address/config/AddressServerSecurityConfiguration.java wave1a [0:15]
2026-08-10T02:00:12Z DONE address/src/main/java/com/alibaba/nacos/address/constant/AddressServerConstants.java wave1a [0:15]
2026-08-10T02:00:12Z DONE address/src/main/java/com/alibaba/nacos/address/controller/AddressServerClusterController.java wave1a [0:15]
2026-08-10T02:00:12Z DONE address/src/main/java/com/alibaba/nacos/address/controller/ServerListController.java wave1a [0:15]
2026-08-10T02:00:12Z DONE address/src/main/java/com/alibaba/nacos/address/misc/Loggers.java wave1a [0:15]
2026-08-10T02:00:12Z DONE ai/src/main/java/com/alibaba/nacos/ai/config/AgentSpecDataBootstrapInitializer.java wave1a [0:15]
2026-08-10T02:00:12Z DONE ai/src/main/java/com/alibaba/nacos/ai/config/AiEnabledFilter.java wave1a [0:15]
2026-08-10T02:00:12Z DONE ai/src/main/java/com/alibaba/nacos/ai/config/AiResourceStorageInitializer.java wave1a [0:15]
2026-08-10T02:00:12Z DONE ai/src/main/java/com/alibaba/nacos/ai/config/LegacyPromptData.java wave1a [0:15]
2026-08-10T02:00:12Z DONE ai/src/main/java/com/alibaba/nacos/ai/config/McpCacheIndexProperties.java wave1a [0:15]
2026-08-10T02:00:12Z DONE ai/src/main/java/com/alibaba/nacos/ai/config/McpConfiguration.java wave1a [0:15]
2026-08-10T02:00:12Z DONE ai/src/main/java/com/alibaba/nacos/ai/config/McpServerIndexConfiguration.java wave1a [0:15]
2026-08-10T02:02:19Z DONE ai/src/main/java/com/alibaba/nacos/ai/form/agentspecs/admin/AgentSpecForm.java wave2b [15:30]
2026-08-10T02:02:19Z DONE ai/src/main/java/com/alibaba/nacos/ai/form/agentspecs/admin/AgentSpecLabelsUpdateForm.java wave2b [15:30]
2026-08-10T02:02:19Z DONE ai/src/main/java/com/alibaba/nacos/ai/form/agentspecs/admin/AgentSpecListForm.java wave2b [15:30]
2026-08-10T02:02:19Z DONE ai/src/main/java/com/alibaba/nacos/ai/form/agentspecs/admin/AgentSpecOnlineForm.java wave2b [15:30]
2026-08-10T02:02:19Z DONE ai/src/main/java/com/alibaba/nacos/ai/form/agentspecs/admin/AgentSpecPublishForm.java wave2b [15:30]
2026-08-10T02:02:19Z DONE ai/src/main/java/com/alibaba/nacos/ai/form/agentspecs/admin/AgentSpecScopeForm.java wave2b [15:30]
2026-08-10T02:02:19Z DONE ai/src/main/java/com/alibaba/nacos/ai/form/agentspecs/admin/AgentSpecSubmitForm.java wave2b [15:30]
2026-08-10T02:02:19Z DONE ai/src/main/java/com/alibaba/nacos/ai/form/agentspecs/admin/AgentSpecUpdateForm.java wave2b [15:30]
2026-08-10T02:02:19Z DONE ai/src/main/java/com/alibaba/nacos/ai/form/agentspecs/client/AgentSpecQueryForm.java wave2b [15:30]
2026-08-10T02:02:19Z DONE ai/src/main/java/com/alibaba/nacos/ai/form/agentspecs/client/AgentSpecSearchForm.java wave2b [15:30]
2026-08-10T02:02:19Z DONE ai/src/main/java/com/alibaba/nacos/ai/form/importer/AbstractAiResourceImportForm.java wave2b [15:30]
2026-08-10T02:02:19Z DONE ai/src/main/java/com/alibaba/nacos/ai/form/importer/AiResourceImportExecuteForm.java wave2b [15:30]
2026-08-10T02:02:19Z DONE ai/src/main/java/com/alibaba/nacos/ai/form/importer/AiResourceImportSearchForm.java wave2b [15:30]
2026-08-10T02:02:19Z DONE ai/src/main/java/com/alibaba/nacos/ai/form/importer/AiResourceImportSourceListForm.java wave2b [15:30]
2026-08-10T02:02:19Z DONE ai/src/main/java/com/alibaba/nacos/ai/form/importer/AiResourceImportValidateForm.java wave2b [15:30]
