2026-08-09T16:43:22Z DONE docs_src/body/tutorial003_py310.py wave5a
2026-08-09T16:43:22Z DONE docs_src/body/tutorial004_py310.py wave5a
2026-08-09T16:43:22Z DONE docs_src/body_fields/__init__.py wave5a
2026-08-09T16:43:22Z DONE docs_src/body_fields/tutorial001_an_py310.py wave5a
2026-08-09T16:43:22Z DONE docs_src/body_fields/tutorial001_py310.py wave5a
2026-08-09T16:43:22Z DONE docs_src/body_multiple_params/__init__.py wave5a
2026-08-09T16:43:22Z DONE docs_src/body_multiple_params/tutorial001_an_py310.py wave5a
2026-08-09T16:43:22Z DONE docs_src/body_multiple_params/tutorial001_py310.py wave5a
2026-08-09T16:43:22Z DONE docs_src/body_multiple_params/tutorial002_py310.py wave5a
2026-08-09T16:43:22Z DONE docs_src/body_multiple_params/tutorial003_an_py310.py wave5a
2026-08-09T16:48:52Z DONE docs_src/body_nested_models/tutorial005_py310.py wave6a
2026-08-09T16:48:52Z DONE docs_src/body_nested_models/tutorial006_py310.py wave6a
2026-08-09T16:48:52Z DONE docs_src/body_nested_models/tutorial007_py310.py wave6a
2026-08-09T16:48:52Z DONE docs_src/body_nested_models/tutorial008_py310.py wave6a
2026-08-09T16:48:52Z DONE docs_src/body_nested_models/tutorial009_py310.py wave6a
2026-08-09T16:48:52Z DONE docs_src/body_updates/__init__.py wave6a
2026-08-09T16:48:52Z DONE docs_src/body_updates/tutorial001_py310.py wave6a
2026-08-09T16:48:52Z DONE docs_src/body_updates/tutorial002_py310.py wave6a
2026-08-09T16:48:52Z DONE docs_src/conditional_openapi/__init__.py wave6a
2026-08-09T16:48:52Z DONE docs_src/conditional_openapi/tutorial001_py310.py wave6a
2026-08-09T16:49:08Z DONE docs_src/body_nested_models/tutorial005_py310.py wave6a
2026-08-09T16:49:08Z DONE docs_src/body_nested_models/tutorial006_py310.py wave6a
2026-08-09T16:49:08Z DONE docs_src/body_nested_models/tutorial007_py310.py wave6a
2026-08-09T16:49:08Z DONE docs_src/body_nested_models/tutorial008_py310.py wave6a
2026-08-09T16:49:08Z DONE docs_src/body_nested_models/tutorial009_py310.py wave6a
2026-08-09T16:49:08Z DONE docs_src/body_updates/__init__.py wave6a
2026-08-09T16:49:08Z DONE docs_src/body_updates/tutorial001_py310.py wave6a
2026-08-09T16:49:08Z DONE docs_src/body_updates/tutorial002_py310.py wave6a
2026-08-09T16:49:08Z DONE docs_src/conditional_openapi/__init__.py wave6a
2026-08-09T16:49:08Z DONE docs_src/conditional_openapi/tutorial001_py310.py wave6a
2026-08-09T16:49:40Z DONE docs_src/body_nested_models/tutorial005_py310.py wave6a
2026-08-09T16:49:40Z DONE docs_src/body_nested_models/tutorial006_py310.py wave6a
2026-08-09T16:49:40Z DONE docs_src/body_nested_models/tutorial007_py310.py wave6a
2026-08-09T16:49:40Z DONE docs_src/body_nested_models/tutorial008_py310.py wave6a
2026-08-09T16:49:40Z DONE docs_src/body_nested_models/tutorial009_py310.py wave6a
2026-08-09T16:49:40Z DONE docs_src/body_updates/__init__.py wave6a
2026-08-09T16:49:40Z DONE docs_src/body_updates/tutorial001_py310.py wave6a
2026-08-09T16:49:40Z DONE docs_src/body_updates/tutorial002_py310.py wave6a
2026-08-09T16:49:40Z DONE docs_src/conditional_openapi/__init__.py wave6a
2026-08-09T16:49:40Z DONE docs_src/conditional_openapi/tutorial001_py310.py wave6a
2026-08-09T16:51:56Z DONE docs_src/cookie_params/tutorial001_an_py310.py wave7a
2026-08-09T16:51:56Z DONE docs_src/cookie_params/tutorial001_py310.py wave7a
2026-08-09T16:51:56Z DONE docs_src/cors/__init__.py wave7a
2026-08-09T16:51:56Z DONE docs_src/cors/tutorial001_py310.py wave7a
2026-08-09T16:51:56Z DONE docs_src/custom_docs_ui/__init__.py wave7a
2026-08-09T16:51:56Z DONE docs_src/custom_docs_ui/tutorial001_py310.py wave7a
2026-08-09T16:51:56Z DONE docs_src/custom_docs_ui/tutorial002_py310.py wave7a
2026-08-09T16:51:56Z DONE docs_src/custom_request_and_route/__init__.py wave7a
2026-08-09T16:51:56Z DONE docs_src/custom_request_and_route/tutorial001_an_py310.py wave7a
2026-08-09T16:51:56Z DONE docs_src/custom_request_and_route/tutorial001_py310.py wave7a
2026-08-09T16:52:23Z DONE docs_src/cookie_params/tutorial001_an_py310.py wave7a
2026-08-09T16:52:23Z DONE docs_src/cookie_params/tutorial001_py310.py wave7a
2026-08-09T16:52:23Z DONE docs_src/cors/__init__.py wave7a
2026-08-09T16:52:23Z DONE docs_src/cors/tutorial001_py310.py wave7a
2026-08-09T16:52:23Z DONE docs_src/custom_docs_ui/__init__.py wave7a
2026-08-09T16:52:23Z DONE docs_src/custom_docs_ui/tutorial001_py310.py wave7a
2026-08-09T16:52:23Z DONE docs_src/custom_docs_ui/tutorial002_py310.py wave7a
2026-08-09T16:52:23Z DONE docs_src/custom_request_and_route/__init__.py wave7a
2026-08-09T16:52:23Z DONE docs_src/custom_request_and_route/tutorial001_an_py310.py wave7a
2026-08-09T16:52:23Z DONE docs_src/custom_request_and_route/tutorial001_py310.py wave7a
2026-08-09T16:55:10Z DONE docs_src/custom_response/tutorial006_py310.py wave8a docs_src [0:10]
2026-08-09T16:55:10Z DONE docs_src/custom_response/tutorial006b_py310.py wave8a docs_src [0:10]
2026-08-09T16:55:10Z DONE docs_src/custom_response/tutorial006c_py310.py wave8a docs_src [0:10]
2026-08-09T16:55:10Z DONE docs_src/custom_response/tutorial007_py310.py wave8a docs_src [0:10]
2026-08-09T16:55:10Z DONE docs_src/custom_response/tutorial008_py310.py wave8a docs_src [0:10]
2026-08-09T16:55:10Z DONE docs_src/custom_response/tutorial009_py310.py wave8a docs_src [0:10]
2026-08-09T16:55:10Z DONE docs_src/custom_response/tutorial009b_py310.py wave8a docs_src [0:10]
2026-08-09T16:55:10Z DONE docs_src/custom_response/tutorial009c_py310.py wave8a docs_src [0:10]
2026-08-09T16:55:10Z DONE docs_src/custom_response/tutorial010_py310.py wave8a docs_src [0:10]
2026-08-09T16:55:10Z DONE docs_src/dataclasses_/__init__.py wave8a docs_src [0:10]
2026-08-09T16:57:25Z DONE docs_src/dataclasses_/tutorial001_py310.py wave8b docs_src [10:20]
2026-08-09T16:57:25Z DONE docs_src/dataclasses_/tutorial002_py310.py wave8b docs_src [10:20]
2026-08-09T16:57:25Z DONE docs_src/dataclasses_/tutorial003_py310.py wave8b docs_src [10:20]
2026-08-09T16:57:25Z DONE docs_src/debugging/__init__.py wave8b docs_src [10:20]
2026-08-09T16:57:25Z DONE docs_src/debugging/tutorial001_py310.py wave8b docs_src [10:20]
2026-08-09T16:57:25Z DONE docs_src/dependencies/__init__.py wave8b docs_src [10:20]
2026-08-09T16:57:25Z DONE docs_src/dependencies/tutorial001_02_an_py310.py wave8b docs_src [10:20]
2026-08-09T16:57:25Z DONE docs_src/dependencies/tutorial001_an_py310.py wave8b docs_src [10:20]
2026-08-09T16:57:25Z DONE docs_src/dependencies/tutorial001_py310.py wave8b docs_src [10:20]
2026-08-09T16:57:25Z DONE docs_src/dependencies/tutorial002_an_py310.py wave8b docs_src [10:20]
2026-08-09T16:59:03Z DONE docs_src/dependencies/tutorial008_an_py310.py wave9b
2026-08-09T16:59:03Z DONE docs_src/dependencies/tutorial008_py310.py wave9b
2026-08-09T16:59:03Z DONE docs_src/dependencies/tutorial008b_an_py310.py wave9b
2026-08-09T16:59:03Z DONE docs_src/dependencies/tutorial008b_py310.py wave9b
2026-08-09T16:59:03Z DONE docs_src/dependencies/tutorial008c_an_py310.py wave9b
2026-08-09T16:59:03Z DONE docs_src/dependencies/tutorial008c_py310.py wave9b
2026-08-09T16:59:03Z DONE docs_src/dependencies/tutorial008d_an_py310.py wave9b
2026-08-09T16:59:03Z DONE docs_src/dependencies/tutorial008d_py310.py wave9b
2026-08-09T16:59:03Z DONE docs_src/dependencies/tutorial008e_an_py310.py wave9b
2026-08-09T16:59:03Z DONE docs_src/dependencies/tutorial008e_py310.py wave9b
2026-08-09T16:59:07Z DONE docs_src/dependencies/tutorial002_py310.py wave9a
2026-08-09T16:59:07Z DONE docs_src/dependencies/tutorial003_an_py310.py wave9a
2026-08-09T16:59:07Z DONE docs_src/dependencies/tutorial003_py310.py wave9a
2026-08-09T16:59:07Z DONE docs_src/dependencies/tutorial004_an_py310.py wave9a
2026-08-09T16:59:07Z DONE docs_src/dependencies/tutorial004_py310.py wave9a
2026-08-09T16:59:07Z DONE docs_src/dependencies/tutorial005_an_py310.py wave9a
2026-08-09T16:59:07Z DONE docs_src/dependencies/tutorial005_py310.py wave9a
2026-08-09T16:59:07Z DONE docs_src/dependencies/tutorial006_an_py310.py wave9a
2026-08-09T16:59:07Z DONE docs_src/dependencies/tutorial006_py310.py wave9a
2026-08-09T16:59:07Z DONE docs_src/dependencies/tutorial007_py310.py wave9a
2026-08-09T17:01:20Z DONE docs_src/dependencies/tutorial010_py310.py wave10a
2026-08-09T17:01:20Z DONE docs_src/dependencies/tutorial011_an_py310.py wave10a
2026-08-09T17:01:20Z DONE docs_src/dependencies/tutorial011_py310.py wave10a
2026-08-09T17:01:20Z DONE docs_src/dependencies/tutorial012_an_py310.py wave10a
2026-08-09T17:01:20Z DONE docs_src/dependencies/tutorial012_py310.py wave10a
2026-08-09T17:01:20Z DONE docs_src/dependencies/tutorial013_an_py310.py wave10a
2026-08-09T17:01:20Z DONE docs_src/dependencies/tutorial014_an_py310.py wave10a
2026-08-09T17:01:20Z DONE docs_src/dependency_testing/__init__.py wave10a
2026-08-09T17:01:20Z DONE docs_src/dependency_testing/tutorial001_an_py310.py wave10a
2026-08-09T17:01:20Z DONE docs_src/dependency_testing/tutorial001_py310.py wave10a
2026-08-09T17:01:24Z DONE docs_src/encoder/__init__.py wave10b
2026-08-09T17:01:24Z DONE docs_src/encoder/tutorial001_py310.py wave10b
2026-08-09T17:01:24Z DONE docs_src/events/__init__.py wave10b
2026-08-09T17:01:24Z DONE docs_src/events/tutorial001_py310.py wave10b
2026-08-09T17:01:24Z DONE docs_src/events/tutorial002_py310.py wave10b
2026-08-09T17:01:24Z DONE docs_src/events/tutorial003_py310.py wave10b
2026-08-09T17:01:24Z DONE docs_src/extending_openapi/__init__.py wave10b
2026-08-09T17:01:24Z DONE docs_src/extending_openapi/tutorial001_py310.py wave10b
2026-08-09T17:01:24Z DONE docs_src/extra_data_types/__init__.py wave10b
2026-08-09T17:01:24Z DONE docs_src/extra_data_types/tutorial001_an_py310.py wave10b
2026-08-09T17:01:41Z DONE docs_src/encoder/__init__.py wave10b
2026-08-09T17:01:41Z DONE docs_src/encoder/tutorial001_py310.py wave10b
2026-08-09T17:01:41Z DONE docs_src/events/__init__.py wave10b
2026-08-09T17:01:41Z DONE docs_src/events/tutorial001_py310.py wave10b
2026-08-09T17:01:41Z DONE docs_src/events/tutorial002_py310.py wave10b
2026-08-09T17:01:41Z DONE docs_src/events/tutorial003_py310.py wave10b
2026-08-09T17:01:41Z DONE docs_src/extending_openapi/__init__.py wave10b
2026-08-09T17:01:41Z DONE docs_src/extending_openapi/tutorial001_py310.py wave10b
2026-08-09T17:01:41Z DONE docs_src/extra_data_types/__init__.py wave10b
2026-08-09T17:01:41Z DONE docs_src/extra_data_types/tutorial001_an_py310.py wave10b
2026-08-09T17:02:14Z DONE docs_src/dependencies/tutorial010_py310.py wave10a
2026-08-09T17:02:14Z DONE docs_src/dependencies/tutorial011_an_py310.py wave10a
2026-08-09T17:02:14Z DONE docs_src/dependencies/tutorial011_py310.py wave10a
2026-08-09T17:02:14Z DONE docs_src/dependencies/tutorial012_an_py310.py wave10a
2026-08-09T17:02:14Z DONE docs_src/dependencies/tutorial012_py310.py wave10a
2026-08-09T17:02:14Z DONE docs_src/dependencies/tutorial013_an_py310.py wave10a
2026-08-09T17:02:14Z DONE docs_src/dependencies/tutorial014_an_py310.py wave10a
2026-08-09T17:02:14Z DONE docs_src/dependency_testing/__init__.py wave10a
2026-08-09T17:02:14Z DONE docs_src/dependency_testing/tutorial001_an_py310.py wave10a
2026-08-09T17:02:14Z DONE docs_src/dependency_testing/tutorial001_py310.py wave10a
2026-08-09T17:02:18Z DONE docs_src/encoder/__init__.py wave10b
2026-08-09T17:02:18Z DONE docs_src/encoder/tutorial001_py310.py wave10b
2026-08-09T17:02:18Z DONE docs_src/events/__init__.py wave10b
2026-08-09T17:02:18Z DONE docs_src/events/tutorial001_py310.py wave10b
2026-08-09T17:02:18Z DONE docs_src/events/tutorial002_py310.py wave10b
2026-08-09T17:02:18Z DONE docs_src/events/tutorial003_py310.py wave10b
2026-08-09T17:02:18Z DONE docs_src/extending_openapi/__init__.py wave10b
2026-08-09T17:02:18Z DONE docs_src/extending_openapi/tutorial001_py310.py wave10b
2026-08-09T17:02:18Z DONE docs_src/extra_data_types/__init__.py wave10b
2026-08-09T17:02:18Z DONE docs_src/extra_data_types/tutorial001_an_py310.py wave10b
2026-08-09T17:03:06Z DONE docs_src/encoder/__init__.py wave10b
2026-08-09T17:03:06Z DONE docs_src/encoder/tutorial001_py310.py wave10b
2026-08-09T17:03:06Z DONE docs_src/events/__init__.py wave10b
2026-08-09T17:03:06Z DONE docs_src/events/tutorial001_py310.py wave10b
2026-08-09T17:03:06Z DONE docs_src/events/tutorial002_py310.py wave10b
2026-08-09T17:03:06Z DONE docs_src/events/tutorial003_py310.py wave10b
2026-08-09T17:03:06Z DONE docs_src/extending_openapi/__init__.py wave10b
2026-08-09T17:03:06Z DONE docs_src/extending_openapi/tutorial001_py310.py wave10b
2026-08-09T17:03:06Z DONE docs_src/extra_data_types/__init__.py wave10b
2026-08-09T17:03:06Z DONE docs_src/extra_data_types/tutorial001_an_py310.py wave10b
2026-08-09T17:03:08Z DONE docs_src/dependencies/tutorial010_py310.py wave10a
2026-08-09T17:03:08Z DONE docs_src/dependencies/tutorial011_an_py310.py wave10a
2026-08-09T17:03:08Z DONE docs_src/dependencies/tutorial011_py310.py wave10a
2026-08-09T17:03:08Z DONE docs_src/dependencies/tutorial012_an_py310.py wave10a
2026-08-09T17:03:08Z DONE docs_src/dependencies/tutorial012_py310.py wave10a
2026-08-09T17:03:08Z DONE docs_src/dependencies/tutorial013_an_py310.py wave10a
2026-08-09T17:03:08Z DONE docs_src/dependencies/tutorial014_an_py310.py wave10a
2026-08-09T17:03:08Z DONE docs_src/dependency_testing/__init__.py wave10a
2026-08-09T17:03:08Z DONE docs_src/dependency_testing/tutorial001_an_py310.py wave10a
2026-08-09T17:03:08Z DONE docs_src/dependency_testing/tutorial001_py310.py wave10a
2026-08-09T17:06:39Z DONE docs_src/frontend/__init__.py wave11b
2026-08-09T17:06:39Z DONE docs_src/frontend/tutorial001_py310.py wave11b
2026-08-09T17:06:39Z DONE docs_src/frontend/tutorial002_py310.py wave11b
2026-08-09T17:06:39Z DONE docs_src/frontend/tutorial003_py310.py wave11b
2026-08-09T17:06:39Z DONE docs_src/frontend/tutorial004_py310.py wave11b
2026-08-09T17:06:39Z DONE docs_src/frontend/tutorial005_py310.py wave11b
2026-08-09T17:06:39Z DONE docs_src/frontend/tutorial006_py310.py wave11b
2026-08-09T17:06:39Z DONE docs_src/generate_clients/__init__.py wave11b
2026-08-09T17:06:39Z DONE docs_src/generate_clients/tutorial001_py310.py wave11b
2026-08-09T17:06:39Z DONE docs_src/generate_clients/tutorial002_py310.py wave11b
2026-08-09T17:06:54Z DONE docs_src/extra_data_types/tutorial001_py310.py wave11a
2026-08-09T17:06:54Z DONE docs_src/extra_models/__init__.py wave11a
2026-08-09T17:06:54Z DONE docs_src/extra_models/tutorial001_py310.py wave11a
2026-08-09T17:06:54Z DONE docs_src/extra_models/tutorial002_py310.py wave11a
2026-08-09T17:06:54Z DONE docs_src/extra_models/tutorial003_py310.py wave11a
2026-08-09T17:06:54Z DONE docs_src/extra_models/tutorial004_py310.py wave11a
2026-08-09T17:06:54Z DONE docs_src/extra_models/tutorial005_py310.py wave11a
2026-08-09T17:06:54Z DONE docs_src/first_steps/__init__.py wave11a
2026-08-09T17:06:54Z DONE docs_src/first_steps/tutorial001_py310.py wave11a
2026-08-09T17:06:54Z DONE docs_src/first_steps/tutorial003_py310.py wave11a
2026-08-09T17:08:14Z DONE docs_src/extra_data_types/tutorial001_py310.py wave11a
2026-08-09T17:08:14Z DONE docs_src/extra_models/__init__.py wave11a
2026-08-09T17:08:14Z DONE docs_src/extra_models/tutorial001_py310.py wave11a
2026-08-09T17:08:14Z DONE docs_src/extra_models/tutorial002_py310.py wave11a
2026-08-09T17:08:14Z DONE docs_src/extra_models/tutorial003_py310.py wave11a
2026-08-09T17:08:14Z DONE docs_src/extra_models/tutorial004_py310.py wave11a
2026-08-09T17:08:14Z DONE docs_src/extra_models/tutorial005_py310.py wave11a
2026-08-09T17:08:14Z DONE docs_src/first_steps/__init__.py wave11a
2026-08-09T17:08:14Z DONE docs_src/first_steps/tutorial001_py310.py wave11a
2026-08-09T17:08:14Z DONE docs_src/first_steps/tutorial003_py310.py wave11a
2026-08-09T17:08:41Z DONE docs_src/frontend/__init__.py wave11b
2026-08-09T17:08:41Z DONE docs_src/frontend/tutorial001_py310.py wave11b
2026-08-09T17:08:41Z DONE docs_src/frontend/tutorial002_py310.py wave11b
2026-08-09T17:08:41Z DONE docs_src/frontend/tutorial003_py310.py wave11b
2026-08-09T17:08:41Z DONE docs_src/frontend/tutorial004_py310.py wave11b
2026-08-09T17:08:41Z DONE docs_src/frontend/tutorial005_py310.py wave11b
2026-08-09T17:08:41Z DONE docs_src/frontend/tutorial006_py310.py wave11b
2026-08-09T17:08:41Z DONE docs_src/generate_clients/__init__.py wave11b
2026-08-09T17:08:41Z DONE docs_src/generate_clients/tutorial001_py310.py wave11b
2026-08-09T17:08:41Z DONE docs_src/generate_clients/tutorial002_py310.py wave11b
2026-08-09T17:09:28Z DONE docs_src/frontend/__init__.py wave11b
2026-08-09T17:09:28Z DONE docs_src/frontend/tutorial001_py310.py wave11b
2026-08-09T17:09:28Z DONE docs_src/frontend/tutorial002_py310.py wave11b
2026-08-09T17:09:28Z DONE docs_src/frontend/tutorial003_py310.py wave11b
2026-08-09T17:09:28Z DONE docs_src/frontend/tutorial004_py310.py wave11b
2026-08-09T17:09:28Z DONE docs_src/frontend/tutorial005_py310.py wave11b
2026-08-09T17:09:28Z DONE docs_src/frontend/tutorial006_py310.py wave11b
2026-08-09T17:09:28Z DONE docs_src/generate_clients/__init__.py wave11b
2026-08-09T17:09:28Z DONE docs_src/generate_clients/tutorial001_py310.py wave11b
2026-08-09T17:09:28Z DONE docs_src/generate_clients/tutorial002_py310.py wave11b
2026-08-09T17:09:37Z DONE docs_src/frontend/__init__.py wave11b
2026-08-09T17:09:37Z DONE docs_src/frontend/tutorial001_py310.py wave11b
2026-08-09T17:09:37Z DONE docs_src/frontend/tutorial002_py310.py wave11b
2026-08-09T17:09:37Z DONE docs_src/frontend/tutorial003_py310.py wave11b
2026-08-09T17:09:37Z DONE docs_src/frontend/tutorial004_py310.py wave11b
2026-08-09T17:09:37Z DONE docs_src/frontend/tutorial005_py310.py wave11b
2026-08-09T17:09:37Z DONE docs_src/frontend/tutorial006_py310.py wave11b
2026-08-09T17:09:37Z DONE docs_src/generate_clients/__init__.py wave11b
2026-08-09T17:09:37Z DONE docs_src/generate_clients/tutorial001_py310.py wave11b
2026-08-09T17:09:37Z DONE docs_src/generate_clients/tutorial002_py310.py wave11b
2026-08-09T17:12:40Z DONE docs_src/extra_data_types/tutorial001_py310.py wave11a docs_src [0:10]
2026-08-09T17:12:40Z DONE docs_src/extra_models/__init__.py wave11a docs_src [0:10]
2026-08-09T17:12:40Z DONE docs_src/extra_models/tutorial001_py310.py wave11a docs_src [0:10]
2026-08-09T17:12:40Z DONE docs_src/extra_models/tutorial002_py310.py wave11a docs_src [0:10]
2026-08-09T17:12:40Z DONE docs_src/extra_models/tutorial003_py310.py wave11a docs_src [0:10]
2026-08-09T17:12:40Z DONE docs_src/extra_models/tutorial004_py310.py wave11a docs_src [0:10]
2026-08-09T17:12:40Z DONE docs_src/extra_models/tutorial005_py310.py wave11a docs_src [0:10]
2026-08-09T17:12:40Z DONE docs_src/first_steps/__init__.py wave11a docs_src [0:10]
2026-08-09T17:12:40Z DONE docs_src/first_steps/tutorial001_py310.py wave11a docs_src [0:10]
2026-08-09T17:12:40Z DONE docs_src/first_steps/tutorial003_py310.py wave11a docs_src [0:10]
2026-08-09T17:16:25Z DONE docs_src/frontend/__init__.py wave11b
2026-08-09T17:16:25Z DONE docs_src/frontend/tutorial001_py310.py wave11b
2026-08-09T17:16:25Z DONE docs_src/frontend/tutorial002_py310.py wave11b
2026-08-09T17:16:25Z DONE docs_src/frontend/tutorial003_py310.py wave11b
2026-08-09T17:16:25Z DONE docs_src/frontend/tutorial004_py310.py wave11b
2026-08-09T17:16:25Z DONE docs_src/frontend/tutorial005_py310.py wave11b
2026-08-09T17:16:25Z DONE docs_src/frontend/tutorial006_py310.py wave11b
2026-08-09T17:16:25Z DONE docs_src/generate_clients/__init__.py wave11b
2026-08-09T17:16:25Z DONE docs_src/generate_clients/tutorial001_py310.py wave11b
2026-08-09T17:16:25Z DONE docs_src/generate_clients/tutorial002_py310.py wave11b
2026-08-09T17:16:48Z DONE docs_src/frontend/__init__.py wave11b frontend/generate_clients [10:20]
2026-08-09T17:16:48Z DONE docs_src/frontend/tutorial001_py310.py wave11b frontend/generate_clients [10:20]
2026-08-09T17:16:48Z DONE docs_src/frontend/tutorial002_py310.py wave11b frontend/generate_clients [10:20]
2026-08-09T17:16:48Z DONE docs_src/frontend/tutorial003_py310.py wave11b frontend/generate_clients [10:20]
2026-08-09T17:16:48Z DONE docs_src/frontend/tutorial004_py310.py wave11b frontend/generate_clients [10:20]
2026-08-09T17:16:48Z DONE docs_src/frontend/tutorial005_py310.py wave11b frontend/generate_clients [10:20]
2026-08-09T17:16:48Z DONE docs_src/frontend/tutorial006_py310.py wave11b frontend/generate_clients [10:20]
2026-08-09T17:16:48Z DONE docs_src/generate_clients/__init__.py wave11b frontend/generate_clients [10:20]
2026-08-09T17:16:48Z DONE docs_src/generate_clients/tutorial001_py310.py wave11b frontend/generate_clients [10:20]
2026-08-09T17:16:48Z DONE docs_src/generate_clients/tutorial002_py310.py wave11b frontend/generate_clients [10:20]
2026-08-09T17:18:21Z DONE docs_src/generate_clients/tutorial003_py310.py wave12a generate_clients/graphql/handling_errors [0:10]
2026-08-09T17:18:21Z DONE docs_src/generate_clients/tutorial004_py310.py wave12a generate_clients/graphql/handling_errors [0:10]
2026-08-09T17:18:21Z DONE docs_src/graphql_/__init__.py wave12a generate_clients/graphql/handling_errors [0:10]
2026-08-09T17:18:21Z DONE docs_src/graphql_/tutorial001_py310.py wave12a generate_clients/graphql/handling_errors [0:10]
2026-08-09T17:18:21Z DONE docs_src/handling_errors/__init__.py wave12a generate_clients/graphql/handling_errors [0:10]
2026-08-09T17:18:21Z DONE docs_src/handling_errors/tutorial001_py310.py wave12a generate_clients/graphql/handling_errors [0:10]
2026-08-09T17:18:21Z DONE docs_src/handling_errors/tutorial002_py310.py wave12a generate_clients/graphql/handling_errors [0:10]
2026-08-09T17:18:21Z DONE docs_src/handling_errors/tutorial003_py310.py wave12a generate_clients/graphql/handling_errors [0:10]
2026-08-09T17:18:21Z DONE docs_src/handling_errors/tutorial004_py310.py wave12a generate_clients/graphql/handling_errors [0:10]
2026-08-09T17:18:21Z DONE docs_src/handling_errors/tutorial005_py310.py wave12a generate_clients/graphql/handling_errors [0:10]
2026-08-09T17:18:36Z DONE docs_src/handling_errors/tutorial006_py310.py wave12b handling_errors/header_param_models/header_params [10:20]
2026-08-09T17:18:36Z DONE docs_src/header_param_models/__init__.py wave12b handling_errors/header_param_models/header_params [10:20]
2026-08-09T17:18:36Z DONE docs_src/header_param_models/tutorial001_an_py310.py wave12b handling_errors/header_param_models/header_params [10:20]
2026-08-09T17:18:36Z DONE docs_src/header_param_models/tutorial001_py310.py wave12b handling_errors/header_param_models/header_params [10:20]
2026-08-09T17:18:36Z DONE docs_src/header_param_models/tutorial002_an_py310.py wave12b handling_errors/header_param_models/header_params [10:20]
2026-08-09T17:18:36Z DONE docs_src/header_param_models/tutorial002_py310.py wave12b handling_errors/header_param_models/header_params [10:20]
2026-08-09T17:18:36Z DONE docs_src/header_param_models/tutorial003_an_py310.py wave12b handling_errors/header_param_models/header_params [10:20]
2026-08-09T17:18:36Z DONE docs_src/header_param_models/tutorial003_py310.py wave12b handling_errors/header_param_models/header_params [10:20]
2026-08-09T17:18:36Z DONE docs_src/header_params/__init__.py wave12b handling_errors/header_param_models/header_params [10:20]
2026-08-09T17:18:36Z DONE docs_src/header_params/tutorial001_an_py310.py wave12b handling_errors/header_param_models/header_params [10:20]
2026-08-09T17:18:56Z DONE docs_src/handling_errors/tutorial006_py310.py wave12b handling_errors/header_param_models/header_params [10:20]
2026-08-09T17:18:56Z DONE docs_src/header_param_models/__init__.py wave12b handling_errors/header_param_models/header_params [10:20]
2026-08-09T17:18:56Z DONE docs_src/header_param_models/tutorial001_an_py310.py wave12b handling_errors/header_param_models/header_params [10:20]
2026-08-09T17:18:56Z DONE docs_src/header_param_models/tutorial001_py310.py wave12b handling_errors/header_param_models/header_params [10:20]
2026-08-09T17:18:56Z DONE docs_src/header_param_models/tutorial002_an_py310.py wave12b handling_errors/header_param_models/header_params [10:20]
2026-08-09T17:18:56Z DONE docs_src/header_param_models/tutorial002_py310.py wave12b handling_errors/header_param_models/header_params [10:20]
2026-08-09T17:18:56Z DONE docs_src/header_param_models/tutorial003_an_py310.py wave12b handling_errors/header_param_models/header_params [10:20]
2026-08-09T17:18:56Z DONE docs_src/header_param_models/tutorial003_py310.py wave12b handling_errors/header_param_models/header_params [10:20]
2026-08-09T17:18:56Z DONE docs_src/header_params/__init__.py wave12b handling_errors/header_param_models/header_params [10:20]
2026-08-09T17:18:56Z DONE docs_src/header_params/tutorial001_an_py310.py wave12b handling_errors/header_param_models/header_params [10:20]
2026-08-09T17:19:20Z DONE docs_src/handling_errors/tutorial006_py310.py wave12b handling_errors/header_param_models/header_params [10:20]
2026-08-09T17:19:20Z DONE docs_src/header_param_models/__init__.py wave12b handling_errors/header_param_models/header_params [10:20]
2026-08-09T17:19:20Z DONE docs_src/header_param_models/tutorial001_an_py310.py wave12b handling_errors/header_param_models/header_params [10:20]
2026-08-09T17:19:20Z DONE docs_src/header_param_models/tutorial001_py310.py wave12b handling_errors/header_param_models/header_params [10:20]
2026-08-09T17:19:20Z DONE docs_src/header_param_models/tutorial002_an_py310.py wave12b handling_errors/header_param_models/header_params [10:20]
2026-08-09T17:19:20Z DONE docs_src/header_param_models/tutorial002_py310.py wave12b handling_errors/header_param_models/header_params [10:20]
2026-08-09T17:19:20Z DONE docs_src/header_param_models/tutorial003_an_py310.py wave12b handling_errors/header_param_models/header_params [10:20]
2026-08-09T17:19:20Z DONE docs_src/header_param_models/tutorial003_py310.py wave12b handling_errors/header_param_models/header_params [10:20]
2026-08-09T17:19:20Z DONE docs_src/header_params/__init__.py wave12b handling_errors/header_param_models/header_params [10:20]
2026-08-09T17:19:20Z DONE docs_src/header_params/tutorial001_an_py310.py wave12b handling_errors/header_param_models/header_params [10:20]
2026-08-09T17:20:43Z DONE docs_src/generate_clients/tutorial003_py310.py wave12a generate_clients/graphql/handling_errors [0:10]
2026-08-09T17:20:43Z DONE docs_src/generate_clients/tutorial004_py310.py wave12a generate_clients/graphql/handling_errors [0:10]
2026-08-09T17:20:43Z DONE docs_src/graphql_/__init__.py wave12a generate_clients/graphql/handling_errors [0:10]
2026-08-09T17:20:43Z DONE docs_src/graphql_/tutorial001_py310.py wave12a generate_clients/graphql/handling_errors [0:10]
2026-08-09T17:20:43Z DONE docs_src/handling_errors/__init__.py wave12a generate_clients/graphql/handling_errors [0:10]
2026-08-09T17:20:43Z DONE docs_src/handling_errors/tutorial001_py310.py wave12a generate_clients/graphql/handling_errors [0:10]
2026-08-09T17:20:43Z DONE docs_src/handling_errors/tutorial002_py310.py wave12a generate_clients/graphql/handling_errors [0:10]
2026-08-09T17:20:43Z DONE docs_src/handling_errors/tutorial003_py310.py wave12a generate_clients/graphql/handling_errors [0:10]
2026-08-09T17:20:43Z DONE docs_src/handling_errors/tutorial004_py310.py wave12a generate_clients/graphql/handling_errors [0:10]
2026-08-09T17:20:43Z DONE docs_src/handling_errors/tutorial005_py310.py wave12a generate_clients/graphql/handling_errors [0:10]
2026-08-09T17:21:27Z DONE docs_src/header_params/tutorial001_py310.py wave13a header_params/json_base64/metadata [0:10]
2026-08-09T17:21:27Z DONE docs_src/header_params/tutorial002_an_py310.py wave13a header_params/json_base64/metadata [0:10]
2026-08-09T17:21:27Z DONE docs_src/header_params/tutorial002_py310.py wave13a header_params/json_base64/metadata [0:10]
2026-08-09T17:21:27Z DONE docs_src/header_params/tutorial003_an_py310.py wave13a header_params/json_base64/metadata [0:10]
2026-08-09T17:21:27Z DONE docs_src/header_params/tutorial003_py310.py wave13a header_params/json_base64/metadata [0:10]
2026-08-09T17:21:27Z DONE docs_src/json_base64_bytes/__init__.py wave13a header_params/json_base64/metadata [0:10]
2026-08-09T17:21:27Z DONE docs_src/json_base64_bytes/tutorial001_py310.py wave13a header_params/json_base64/metadata [0:10]
2026-08-09T17:21:27Z DONE docs_src/metadata/__init__.py wave13a header_params/json_base64/metadata [0:10]
2026-08-09T17:21:27Z DONE docs_src/metadata/tutorial001_1_py310.py wave13a header_params/json_base64/metadata [0:10]
2026-08-09T17:21:27Z DONE docs_src/metadata/tutorial001_py310.py wave13a header_params/json_base64/metadata [0:10]
2026-08-09T17:21:37Z DONE docs_src/metadata/tutorial002_py310.py wave13b metadata/middleware/openapi [10:20]
2026-08-09T17:21:37Z DONE docs_src/metadata/tutorial003_py310.py wave13b metadata/middleware/openapi [10:20]
2026-08-09T17:21:37Z DONE docs_src/metadata/tutorial004_py310.py wave13b metadata/middleware/openapi [10:20]
2026-08-09T17:21:37Z DONE docs_src/middleware/__init__.py wave13b metadata/middleware/openapi [10:20]
2026-08-09T17:21:37Z DONE docs_src/middleware/tutorial001_py310.py wave13b metadata/middleware/openapi [10:20]
2026-08-09T17:21:37Z DONE docs_src/openapi_callbacks/__init__.py wave13b metadata/middleware/openapi [10:20]
2026-08-09T17:21:37Z DONE docs_src/openapi_callbacks/tutorial001_py310.py wave13b metadata/middleware/openapi [10:20]
2026-08-09T17:21:37Z DONE docs_src/openapi_webhooks/__init__.py wave13b metadata/middleware/openapi [10:20]
2026-08-09T17:21:37Z DONE docs_src/openapi_webhooks/tutorial001_py310.py wave13b metadata/middleware/openapi [10:20]
2026-08-09T17:21:37Z DONE docs_src/path_operation_advanced_configuration/__init__.py wave13b metadata/middleware/openapi [10:20]
2026-08-09T17:25:42Z DONE docs_src/path_operation_advanced_configuration/tutorial001_py310.py wave14a path_operation_* [0:10]
2026-08-09T17:25:42Z DONE docs_src/path_operation_advanced_configuration/tutorial002_py310.py wave14a path_operation_* [0:10]
2026-08-09T17:25:42Z DONE docs_src/path_operation_advanced_configuration/tutorial003_py310.py wave14a path_operation_* [0:10]
2026-08-09T17:25:42Z DONE docs_src/path_operation_advanced_configuration/tutorial004_py310.py wave14a path_operation_* [0:10]
2026-08-09T17:25:42Z DONE docs_src/path_operation_advanced_configuration/tutorial005_py310.py wave14a path_operation_* [0:10]
2026-08-09T17:25:42Z DONE docs_src/path_operation_advanced_configuration/tutorial006_py310.py wave14a path_operation_* [0:10]
2026-08-09T17:25:42Z DONE docs_src/path_operation_advanced_configuration/tutorial007_py310.py wave14a path_operation_* [0:10]
2026-08-09T17:25:42Z DONE docs_src/path_operation_configuration/__init__.py wave14a path_operation_* [0:10]
2026-08-09T17:25:42Z DONE docs_src/path_operation_configuration/tutorial001_py310.py wave14a path_operation_* [0:10]
2026-08-09T17:25:42Z DONE docs_src/path_operation_configuration/tutorial002_py310.py wave14a path_operation_* [0:10]
2026-08-09T17:25:55Z DONE docs_src/path_operation_configuration/tutorial002b_py310.py wave14b path_operation_configuration/path_params [10:20]
2026-08-09T17:25:55Z DONE docs_src/path_operation_configuration/tutorial003_py310.py wave14b path_operation_configuration/path_params [10:20]
2026-08-09T17:25:55Z DONE docs_src/path_operation_configuration/tutorial004_py310.py wave14b path_operation_configuration/path_params [10:20]
2026-08-09T17:25:55Z DONE docs_src/path_operation_configuration/tutorial005_py310.py wave14b path_operation_configuration/path_params [10:20]
2026-08-09T17:25:55Z DONE docs_src/path_operation_configuration/tutorial006_py310.py wave14b path_operation_configuration/path_params [10:20]
2026-08-09T17:25:55Z DONE docs_src/path_params/__init__.py wave14b path_operation_configuration/path_params [10:20]
2026-08-09T17:25:55Z DONE docs_src/path_params/tutorial001_py310.py wave14b path_operation_configuration/path_params [10:20]
2026-08-09T17:25:55Z DONE docs_src/path_params/tutorial002_py310.py wave14b path_operation_configuration/path_params [10:20]
2026-08-09T17:25:55Z DONE docs_src/path_params/tutorial003_py310.py wave14b path_operation_configuration/path_params [10:20]
2026-08-09T17:25:55Z DONE docs_src/path_params/tutorial003b_py310.py wave14b path_operation_configuration/path_params [10:20]
2026-08-09T17:26:28Z DONE docs_src/path_operation_configuration/tutorial002b_py310.py wave14b path_operation_configuration/path_params [10:20]
2026-08-09T17:26:28Z DONE docs_src/path_operation_configuration/tutorial003_py310.py wave14b path_operation_configuration/path_params [10:20]
2026-08-09T17:26:28Z DONE docs_src/path_operation_configuration/tutorial004_py310.py wave14b path_operation_configuration/path_params [10:20]
2026-08-09T17:26:28Z DONE docs_src/path_operation_configuration/tutorial005_py310.py wave14b path_operation_configuration/path_params [10:20]
2026-08-09T17:26:28Z DONE docs_src/path_operation_configuration/tutorial006_py310.py wave14b path_operation_configuration/path_params [10:20]
2026-08-09T17:26:28Z DONE docs_src/path_params/__init__.py wave14b path_operation_configuration/path_params [10:20]
2026-08-09T17:26:28Z DONE docs_src/path_params/tutorial001_py310.py wave14b path_operation_configuration/path_params [10:20]
2026-08-09T17:26:28Z DONE docs_src/path_params/tutorial002_py310.py wave14b path_operation_configuration/path_params [10:20]
2026-08-09T17:26:28Z DONE docs_src/path_params/tutorial003_py310.py wave14b path_operation_configuration/path_params [10:20]
2026-08-09T17:26:28Z DONE docs_src/path_params/tutorial003b_py310.py wave14b path_operation_configuration/path_params [10:20]
2026-08-09T17:26:43Z DONE docs_src/path_operation_configuration/tutorial002b_py310.py wave14b path_operation_configuration/path_params [10:20]
2026-08-09T17:26:43Z DONE docs_src/path_operation_configuration/tutorial003_py310.py wave14b path_operation_configuration/path_params [10:20]
2026-08-09T17:26:43Z DONE docs_src/path_operation_configuration/tutorial004_py310.py wave14b path_operation_configuration/path_params [10:20]
2026-08-09T17:26:43Z DONE docs_src/path_operation_configuration/tutorial005_py310.py wave14b path_operation_configuration/path_params [10:20]
2026-08-09T17:26:43Z DONE docs_src/path_operation_configuration/tutorial006_py310.py wave14b path_operation_configuration/path_params [10:20]
2026-08-09T17:26:43Z DONE docs_src/path_params/__init__.py wave14b path_operation_configuration/path_params [10:20]
2026-08-09T17:26:43Z DONE docs_src/path_params/tutorial001_py310.py wave14b path_operation_configuration/path_params [10:20]
2026-08-09T17:26:43Z DONE docs_src/path_params/tutorial002_py310.py wave14b path_operation_configuration/path_params [10:20]
2026-08-09T17:26:43Z DONE docs_src/path_params/tutorial003_py310.py wave14b path_operation_configuration/path_params [10:20]
2026-08-09T17:26:43Z DONE docs_src/path_params/tutorial003b_py310.py wave14b path_operation_configuration/path_params [10:20]
2026-08-09T17:27:08Z DONE docs_src/path_operation_configuration/tutorial002b_py310.py wave14b path_operation_configuration/path_params [10:20]
2026-08-09T17:27:08Z DONE docs_src/path_operation_configuration/tutorial003_py310.py wave14b path_operation_configuration/path_params [10:20]
2026-08-09T17:27:08Z DONE docs_src/path_operation_configuration/tutorial004_py310.py wave14b path_operation_configuration/path_params [10:20]
2026-08-09T17:27:08Z DONE docs_src/path_operation_configuration/tutorial005_py310.py wave14b path_operation_configuration/path_params [10:20]
2026-08-09T17:27:08Z DONE docs_src/path_operation_configuration/tutorial006_py310.py wave14b path_operation_configuration/path_params [10:20]
2026-08-09T17:27:08Z DONE docs_src/path_params/__init__.py wave14b path_operation_configuration/path_params [10:20]
2026-08-09T17:27:08Z DONE docs_src/path_params/tutorial001_py310.py wave14b path_operation_configuration/path_params [10:20]
2026-08-09T17:27:08Z DONE docs_src/path_params/tutorial002_py310.py wave14b path_operation_configuration/path_params [10:20]
2026-08-09T17:27:08Z DONE docs_src/path_params/tutorial003_py310.py wave14b path_operation_configuration/path_params [10:20]
2026-08-09T17:27:08Z DONE docs_src/path_params/tutorial003b_py310.py wave14b path_operation_configuration/path_params [10:20]
2026-08-09T17:32:32Z DONE docs_src/path_operation_advanced_configuration/tutorial001_py310.py wave14a path_operation_* [0:10] restore
2026-08-09T17:32:32Z DONE docs_src/path_operation_advanced_configuration/tutorial002_py310.py wave14a path_operation_* [0:10] restore
2026-08-09T17:32:32Z DONE docs_src/path_operation_advanced_configuration/tutorial003_py310.py wave14a path_operation_* [0:10] restore
2026-08-09T17:32:32Z DONE docs_src/path_operation_advanced_configuration/tutorial004_py310.py wave14a path_operation_* [0:10] restore
2026-08-09T17:32:32Z DONE docs_src/path_operation_advanced_configuration/tutorial005_py310.py wave14a path_operation_* [0:10] restore
2026-08-09T17:32:32Z DONE docs_src/path_operation_advanced_configuration/tutorial006_py310.py wave14a path_operation_* [0:10] restore
2026-08-09T17:32:32Z DONE docs_src/path_operation_advanced_configuration/tutorial007_py310.py wave14a path_operation_* [0:10] restore
2026-08-09T17:32:32Z DONE docs_src/path_operation_configuration/__init__.py wave14a path_operation_* [0:10] restore
2026-08-09T17:32:32Z DONE docs_src/path_operation_configuration/tutorial001_py310.py wave14a path_operation_* [0:10] restore
2026-08-09T17:32:32Z DONE docs_src/path_operation_configuration/tutorial002_py310.py wave14a path_operation_* [0:10] restore
2026-08-09T17:33:18Z DONE docs_src/path_params/tutorial004_py310.py wave15a path_params/numeric_validations [0:10]
2026-08-09T17:33:18Z DONE docs_src/path_params/tutorial005_py310.py wave15a path_params/numeric_validations [0:10]
2026-08-09T17:33:18Z DONE docs_src/path_params_numeric_validations/__init__.py wave15a path_params/numeric_validations [0:10]
2026-08-09T17:33:18Z DONE docs_src/path_params_numeric_validations/tutorial001_an_py310.py wave15a path_params/numeric_validations [0:10]
2026-08-09T17:33:18Z DONE docs_src/path_params_numeric_validations/tutorial001_py310.py wave15a path_params/numeric_validations [0:10]
2026-08-09T17:33:18Z DONE docs_src/path_params_numeric_validations/tutorial002_an_py310.py wave15a path_params/numeric_validations [0:10]
2026-08-09T17:33:18Z DONE docs_src/path_params_numeric_validations/tutorial002_py310.py wave15a path_params/numeric_validations [0:10]
2026-08-09T17:33:18Z DONE docs_src/path_params_numeric_validations/tutorial003_an_py310.py wave15a path_params/numeric_validations [0:10]
2026-08-09T17:33:18Z DONE docs_src/path_params_numeric_validations/tutorial003_py310.py wave15a path_params/numeric_validations [0:10]
2026-08-09T17:33:18Z DONE docs_src/path_params_numeric_validations/tutorial004_an_py310.py wave15a path_params/numeric_validations [0:10]
2026-08-09T17:33:28Z DONE docs_src/path_params_numeric_validations/tutorial004_py310.py wave15b numeric_validations/pydantic_v1 [10:20]
2026-08-09T17:33:28Z DONE docs_src/path_params_numeric_validations/tutorial005_an_py310.py wave15b numeric_validations/pydantic_v1 [10:20]
2026-08-09T17:33:28Z DONE docs_src/path_params_numeric_validations/tutorial005_py310.py wave15b numeric_validations/pydantic_v1 [10:20]
2026-08-09T17:33:28Z DONE docs_src/path_params_numeric_validations/tutorial006_an_py310.py wave15b numeric_validations/pydantic_v1 [10:20]
2026-08-09T17:33:28Z DONE docs_src/path_params_numeric_validations/tutorial006_py310.py wave15b numeric_validations/pydantic_v1 [10:20]
2026-08-09T17:33:28Z DONE docs_src/pydantic_v1_in_v2/__init__.py wave15b numeric_validations/pydantic_v1 [10:20]
2026-08-09T17:33:28Z DONE docs_src/pydantic_v1_in_v2/tutorial001_an_py310.py wave15b numeric_validations/pydantic_v1 [10:20]
2026-08-09T17:33:28Z DONE docs_src/pydantic_v1_in_v2/tutorial002_an_py310.py wave15b numeric_validations/pydantic_v1 [10:20]
2026-08-09T17:33:28Z DONE docs_src/pydantic_v1_in_v2/tutorial003_an_py310.py wave15b numeric_validations/pydantic_v1 [10:20]
2026-08-09T17:33:28Z DONE docs_src/pydantic_v1_in_v2/tutorial004_an_py310.py wave15b numeric_validations/pydantic_v1 [10:20]
