2026-08-09T17:59:58Z DONE redisson-helidon/redisson-helidon-20/src/main/java/org/redisson/helidon/RedissonExtension.java wave1a [0:15]
2026-08-09T17:59:58Z DONE redisson-helidon/redisson-helidon-30/src/main/java/org/redisson/helidon/RedissonExtension.java wave1a [0:15]
2026-08-09T17:59:58Z DONE redisson-helidon/redisson-helidon-40/src/main/java/org/redisson/helidon/RedissonExtension.java wave1a [0:15]
2026-08-09T17:59:58Z DONE redisson-hibernate/redisson-hibernate-4/src/main/java/org/redisson/hibernate/JndiRedissonRegionFactory.java wave1a [0:15]
2026-08-09T17:59:58Z DONE redisson-hibernate/redisson-hibernate-4/src/main/java/org/redisson/hibernate/JndiRedissonRegionNativeFactory.java wave1a [0:15]
2026-08-09T17:59:58Z DONE redisson-hibernate/redisson-hibernate-4/src/main/java/org/redisson/hibernate/RedissonRegionFactory.java wave1a [0:15]
2026-08-09T17:59:58Z DONE redisson-hibernate/redisson-hibernate-4/src/main/java/org/redisson/hibernate/RedissonRegionNativeFactory.java wave1a [0:15]
2026-08-09T17:59:58Z DONE redisson-hibernate/redisson-hibernate-4/src/main/java/org/redisson/hibernate/RedissonStrategyRegistrationProvider.java wave1a [0:15]
2026-08-09T17:59:58Z DONE redisson-hibernate/redisson-hibernate-4/src/main/java/org/redisson/hibernate/region/BaseRegion.java wave1a [0:15]
2026-08-09T17:59:58Z DONE redisson-hibernate/redisson-hibernate-4/src/main/java/org/redisson/hibernate/region/RedissonCollectionRegion.java wave1a [0:15]
2026-08-09T17:59:58Z DONE redisson-hibernate/redisson-hibernate-4/src/main/java/org/redisson/hibernate/region/RedissonEntityRegion.java wave1a [0:15]
2026-08-09T17:59:58Z DONE redisson-hibernate/redisson-hibernate-4/src/main/java/org/redisson/hibernate/region/RedissonNaturalIdRegion.java wave1a [0:15]
2026-08-09T17:59:58Z DONE redisson-hibernate/redisson-hibernate-4/src/main/java/org/redisson/hibernate/region/RedissonQueryRegion.java wave1a [0:15]
2026-08-09T17:59:58Z DONE redisson-hibernate/redisson-hibernate-4/src/main/java/org/redisson/hibernate/region/RedissonTimestampsRegion.java wave1a [0:15]
2026-08-09T17:59:58Z DONE redisson-hibernate/redisson-hibernate-4/src/main/java/org/redisson/hibernate/strategy/AbstractReadWriteAccessStrategy.java wave1a [0:15]
2026-08-09T18:00:16Z DONE redisson-hibernate/redisson-hibernate-4/src/main/java/org/redisson/hibernate/strategy/BaseRegionAccessStrategy.java wave1b [15:30]
2026-08-09T18:00:16Z DONE redisson-hibernate/redisson-hibernate-4/src/main/java/org/redisson/hibernate/strategy/NonStrictReadWriteCollectionRegionAccessStrategy.java wave1b [15:30]
2026-08-09T18:00:16Z DONE redisson-hibernate/redisson-hibernate-4/src/main/java/org/redisson/hibernate/strategy/NonStrictReadWriteEntityRegionAccessStrategy.java wave1b [15:30]
2026-08-09T18:00:16Z DONE redisson-hibernate/redisson-hibernate-4/src/main/java/org/redisson/hibernate/strategy/NonStrictReadWriteNaturalIdRegionAccessStrategy.java wave1b [15:30]
2026-08-09T18:00:16Z DONE redisson-hibernate/redisson-hibernate-4/src/main/java/org/redisson/hibernate/strategy/ReadOnlyCollectionRegionAccessStrategy.java wave1b [15:30]
2026-08-09T18:00:16Z DONE redisson-hibernate/redisson-hibernate-4/src/main/java/org/redisson/hibernate/strategy/ReadOnlyEntityRegionAccessStrategy.java wave1b [15:30]
2026-08-09T18:00:16Z DONE redisson-hibernate/redisson-hibernate-4/src/main/java/org/redisson/hibernate/strategy/ReadOnlyNaturalIdRegionAccessStrategy.java wave1b [15:30]
2026-08-09T18:00:16Z DONE redisson-hibernate/redisson-hibernate-4/src/main/java/org/redisson/hibernate/strategy/ReadWriteCollectionRegionAccessStrategy.java wave1b [15:30]
2026-08-09T18:00:16Z DONE redisson-hibernate/redisson-hibernate-4/src/main/java/org/redisson/hibernate/strategy/ReadWriteEntityRegionAccessStrategy.java wave1b [15:30]
2026-08-09T18:00:16Z DONE redisson-hibernate/redisson-hibernate-4/src/main/java/org/redisson/hibernate/strategy/ReadWriteNaturalIdRegionAccessStrategy.java wave1b [15:30]
2026-08-09T18:00:16Z DONE redisson-hibernate/redisson-hibernate-4/src/main/java/org/redisson/hibernate/strategy/TransactionalCollectionRegionAccessStrategy.java wave1b [15:30]
2026-08-09T18:00:16Z DONE redisson-hibernate/redisson-hibernate-4/src/main/java/org/redisson/hibernate/strategy/TransactionalEntityRegionAccessStrategy.java wave1b [15:30]
2026-08-09T18:00:16Z DONE redisson-hibernate/redisson-hibernate-4/src/main/java/org/redisson/hibernate/strategy/TransactionalNaturalIdRegionAccessStrategy.java wave1b [15:30]
2026-08-09T18:00:16Z DONE redisson-hibernate/redisson-hibernate-5/src/main/java/org/redisson/hibernate/JndiRedissonRegionFactory.java wave1b [15:30]
2026-08-09T18:00:16Z DONE redisson-hibernate/redisson-hibernate-5/src/main/java/org/redisson/hibernate/JndiRedissonRegionNativeFactory.java wave1b [15:30]
2026-08-09T18:00:32Z DONE redisson-hibernate/redisson-hibernate-4/src/main/java/org/redisson/hibernate/strategy/BaseRegionAccessStrategy.java wave1b [15:30]
2026-08-09T18:00:32Z DONE redisson-hibernate/redisson-hibernate-4/src/main/java/org/redisson/hibernate/strategy/NonStrictReadWriteCollectionRegionAccessStrategy.java wave1b [15:30]
2026-08-09T18:00:32Z DONE redisson-hibernate/redisson-hibernate-4/src/main/java/org/redisson/hibernate/strategy/NonStrictReadWriteEntityRegionAccessStrategy.java wave1b [15:30]
2026-08-09T18:00:32Z DONE redisson-hibernate/redisson-hibernate-4/src/main/java/org/redisson/hibernate/strategy/NonStrictReadWriteNaturalIdRegionAccessStrategy.java wave1b [15:30]
2026-08-09T18:00:32Z DONE redisson-hibernate/redisson-hibernate-4/src/main/java/org/redisson/hibernate/strategy/ReadOnlyCollectionRegionAccessStrategy.java wave1b [15:30]
2026-08-09T18:00:32Z DONE redisson-hibernate/redisson-hibernate-4/src/main/java/org/redisson/hibernate/strategy/ReadOnlyEntityRegionAccessStrategy.java wave1b [15:30]
2026-08-09T18:00:32Z DONE redisson-hibernate/redisson-hibernate-4/src/main/java/org/redisson/hibernate/strategy/ReadOnlyNaturalIdRegionAccessStrategy.java wave1b [15:30]
2026-08-09T18:00:32Z DONE redisson-hibernate/redisson-hibernate-4/src/main/java/org/redisson/hibernate/strategy/ReadWriteCollectionRegionAccessStrategy.java wave1b [15:30]
2026-08-09T18:00:32Z DONE redisson-hibernate/redisson-hibernate-4/src/main/java/org/redisson/hibernate/strategy/ReadWriteEntityRegionAccessStrategy.java wave1b [15:30]
2026-08-09T18:00:32Z DONE redisson-hibernate/redisson-hibernate-4/src/main/java/org/redisson/hibernate/strategy/ReadWriteNaturalIdRegionAccessStrategy.java wave1b [15:30]
2026-08-09T18:00:32Z DONE redisson-hibernate/redisson-hibernate-4/src/main/java/org/redisson/hibernate/strategy/TransactionalCollectionRegionAccessStrategy.java wave1b [15:30]
2026-08-09T18:00:32Z DONE redisson-hibernate/redisson-hibernate-4/src/main/java/org/redisson/hibernate/strategy/TransactionalEntityRegionAccessStrategy.java wave1b [15:30]
2026-08-09T18:00:32Z DONE redisson-hibernate/redisson-hibernate-4/src/main/java/org/redisson/hibernate/strategy/TransactionalNaturalIdRegionAccessStrategy.java wave1b [15:30]
2026-08-09T18:00:32Z DONE redisson-hibernate/redisson-hibernate-5/src/main/java/org/redisson/hibernate/JndiRedissonRegionFactory.java wave1b [15:30]
2026-08-09T18:00:32Z DONE redisson-hibernate/redisson-hibernate-5/src/main/java/org/redisson/hibernate/JndiRedissonRegionNativeFactory.java wave1b [15:30]
2026-08-09T18:00:41Z DONE redisson-helidon/redisson-helidon-20/src/main/java/org/redisson/helidon/RedissonExtension.java wave1a [0:15]
2026-08-09T18:00:41Z DONE redisson-helidon/redisson-helidon-30/src/main/java/org/redisson/helidon/RedissonExtension.java wave1a [0:15]
2026-08-09T18:00:41Z DONE redisson-helidon/redisson-helidon-40/src/main/java/org/redisson/helidon/RedissonExtension.java wave1a [0:15]
2026-08-09T18:00:41Z DONE redisson-hibernate/redisson-hibernate-4/src/main/java/org/redisson/hibernate/JndiRedissonRegionFactory.java wave1a [0:15]
2026-08-09T18:00:41Z DONE redisson-hibernate/redisson-hibernate-4/src/main/java/org/redisson/hibernate/JndiRedissonRegionNativeFactory.java wave1a [0:15]
2026-08-09T18:00:41Z DONE redisson-hibernate/redisson-hibernate-4/src/main/java/org/redisson/hibernate/RedissonRegionFactory.java wave1a [0:15]
2026-08-09T18:00:41Z DONE redisson-hibernate/redisson-hibernate-4/src/main/java/org/redisson/hibernate/RedissonRegionNativeFactory.java wave1a [0:15]
2026-08-09T18:00:41Z DONE redisson-hibernate/redisson-hibernate-4/src/main/java/org/redisson/hibernate/RedissonStrategyRegistrationProvider.java wave1a [0:15]
2026-08-09T18:00:41Z DONE redisson-hibernate/redisson-hibernate-4/src/main/java/org/redisson/hibernate/region/BaseRegion.java wave1a [0:15]
2026-08-09T18:00:41Z DONE redisson-hibernate/redisson-hibernate-4/src/main/java/org/redisson/hibernate/region/RedissonCollectionRegion.java wave1a [0:15]
2026-08-09T18:00:41Z DONE redisson-hibernate/redisson-hibernate-4/src/main/java/org/redisson/hibernate/region/RedissonEntityRegion.java wave1a [0:15]
2026-08-09T18:00:41Z DONE redisson-hibernate/redisson-hibernate-4/src/main/java/org/redisson/hibernate/region/RedissonNaturalIdRegion.java wave1a [0:15]
2026-08-09T18:00:41Z DONE redisson-hibernate/redisson-hibernate-4/src/main/java/org/redisson/hibernate/region/RedissonQueryRegion.java wave1a [0:15]
2026-08-09T18:00:41Z DONE redisson-hibernate/redisson-hibernate-4/src/main/java/org/redisson/hibernate/region/RedissonTimestampsRegion.java wave1a [0:15]
2026-08-09T18:00:41Z DONE redisson-hibernate/redisson-hibernate-4/src/main/java/org/redisson/hibernate/strategy/AbstractReadWriteAccessStrategy.java wave1a [0:15]
2026-08-09T18:00:55Z DONE redisson-helidon/redisson-helidon-20/src/main/java/org/redisson/helidon/RedissonExtension.java wave1a [0:15]
2026-08-09T18:00:55Z DONE redisson-helidon/redisson-helidon-30/src/main/java/org/redisson/helidon/RedissonExtension.java wave1a [0:15]
2026-08-09T18:00:55Z DONE redisson-helidon/redisson-helidon-40/src/main/java/org/redisson/helidon/RedissonExtension.java wave1a [0:15]
2026-08-09T18:00:55Z DONE redisson-hibernate/redisson-hibernate-4/src/main/java/org/redisson/hibernate/JndiRedissonRegionFactory.java wave1a [0:15]
2026-08-09T18:00:55Z DONE redisson-hibernate/redisson-hibernate-4/src/main/java/org/redisson/hibernate/JndiRedissonRegionNativeFactory.java wave1a [0:15]
2026-08-09T18:00:55Z DONE redisson-hibernate/redisson-hibernate-4/src/main/java/org/redisson/hibernate/RedissonRegionFactory.java wave1a [0:15]
2026-08-09T18:00:55Z DONE redisson-hibernate/redisson-hibernate-4/src/main/java/org/redisson/hibernate/RedissonRegionNativeFactory.java wave1a [0:15]
2026-08-09T18:00:55Z DONE redisson-hibernate/redisson-hibernate-4/src/main/java/org/redisson/hibernate/RedissonStrategyRegistrationProvider.java wave1a [0:15]
2026-08-09T18:00:55Z DONE redisson-hibernate/redisson-hibernate-4/src/main/java/org/redisson/hibernate/region/BaseRegion.java wave1a [0:15]
2026-08-09T18:00:55Z DONE redisson-hibernate/redisson-hibernate-4/src/main/java/org/redisson/hibernate/region/RedissonCollectionRegion.java wave1a [0:15]
2026-08-09T18:00:55Z DONE redisson-hibernate/redisson-hibernate-4/src/main/java/org/redisson/hibernate/region/RedissonEntityRegion.java wave1a [0:15]
2026-08-09T18:00:55Z DONE redisson-hibernate/redisson-hibernate-4/src/main/java/org/redisson/hibernate/region/RedissonNaturalIdRegion.java wave1a [0:15]
2026-08-09T18:00:55Z DONE redisson-hibernate/redisson-hibernate-4/src/main/java/org/redisson/hibernate/region/RedissonQueryRegion.java wave1a [0:15]
2026-08-09T18:00:55Z DONE redisson-hibernate/redisson-hibernate-4/src/main/java/org/redisson/hibernate/region/RedissonTimestampsRegion.java wave1a [0:15]
2026-08-09T18:00:55Z DONE redisson-hibernate/redisson-hibernate-4/src/main/java/org/redisson/hibernate/strategy/AbstractReadWriteAccessStrategy.java wave1a [0:15]
2026-08-09T18:01:03Z DONE redisson-hibernate/redisson-hibernate-4/src/main/java/org/redisson/hibernate/strategy/BaseRegionAccessStrategy.java wave1b [15:30]
2026-08-09T18:01:03Z DONE redisson-hibernate/redisson-hibernate-4/src/main/java/org/redisson/hibernate/strategy/NonStrictReadWriteCollectionRegionAccessStrategy.java wave1b [15:30]
2026-08-09T18:01:03Z DONE redisson-hibernate/redisson-hibernate-4/src/main/java/org/redisson/hibernate/strategy/NonStrictReadWriteEntityRegionAccessStrategy.java wave1b [15:30]
2026-08-09T18:01:03Z DONE redisson-hibernate/redisson-hibernate-4/src/main/java/org/redisson/hibernate/strategy/NonStrictReadWriteNaturalIdRegionAccessStrategy.java wave1b [15:30]
2026-08-09T18:01:03Z DONE redisson-hibernate/redisson-hibernate-4/src/main/java/org/redisson/hibernate/strategy/ReadOnlyCollectionRegionAccessStrategy.java wave1b [15:30]
2026-08-09T18:01:03Z DONE redisson-hibernate/redisson-hibernate-4/src/main/java/org/redisson/hibernate/strategy/ReadOnlyEntityRegionAccessStrategy.java wave1b [15:30]
2026-08-09T18:01:03Z DONE redisson-hibernate/redisson-hibernate-4/src/main/java/org/redisson/hibernate/strategy/ReadOnlyNaturalIdRegionAccessStrategy.java wave1b [15:30]
2026-08-09T18:01:03Z DONE redisson-hibernate/redisson-hibernate-4/src/main/java/org/redisson/hibernate/strategy/ReadWriteCollectionRegionAccessStrategy.java wave1b [15:30]
2026-08-09T18:01:03Z DONE redisson-hibernate/redisson-hibernate-4/src/main/java/org/redisson/hibernate/strategy/ReadWriteEntityRegionAccessStrategy.java wave1b [15:30]
2026-08-09T18:01:03Z DONE redisson-hibernate/redisson-hibernate-4/src/main/java/org/redisson/hibernate/strategy/ReadWriteNaturalIdRegionAccessStrategy.java wave1b [15:30]
2026-08-09T18:01:03Z DONE redisson-hibernate/redisson-hibernate-4/src/main/java/org/redisson/hibernate/strategy/TransactionalCollectionRegionAccessStrategy.java wave1b [15:30]
2026-08-09T18:01:03Z DONE redisson-hibernate/redisson-hibernate-4/src/main/java/org/redisson/hibernate/strategy/TransactionalEntityRegionAccessStrategy.java wave1b [15:30]
2026-08-09T18:01:03Z DONE redisson-hibernate/redisson-hibernate-4/src/main/java/org/redisson/hibernate/strategy/TransactionalNaturalIdRegionAccessStrategy.java wave1b [15:30]
2026-08-09T18:01:03Z DONE redisson-hibernate/redisson-hibernate-5/src/main/java/org/redisson/hibernate/JndiRedissonRegionFactory.java wave1b [15:30]
2026-08-09T18:01:03Z DONE redisson-hibernate/redisson-hibernate-5/src/main/java/org/redisson/hibernate/JndiRedissonRegionNativeFactory.java wave1b [15:30]
2026-08-09T18:01:11Z DONE redisson-hibernate/redisson-hibernate-4/src/main/java/org/redisson/hibernate/strategy/BaseRegionAccessStrategy.java wave1b [15:30]
2026-08-09T18:01:11Z DONE redisson-hibernate/redisson-hibernate-4/src/main/java/org/redisson/hibernate/strategy/NonStrictReadWriteCollectionRegionAccessStrategy.java wave1b [15:30]
2026-08-09T18:01:11Z DONE redisson-hibernate/redisson-hibernate-4/src/main/java/org/redisson/hibernate/strategy/NonStrictReadWriteEntityRegionAccessStrategy.java wave1b [15:30]
2026-08-09T18:01:11Z DONE redisson-hibernate/redisson-hibernate-4/src/main/java/org/redisson/hibernate/strategy/NonStrictReadWriteNaturalIdRegionAccessStrategy.java wave1b [15:30]
2026-08-09T18:01:11Z DONE redisson-hibernate/redisson-hibernate-4/src/main/java/org/redisson/hibernate/strategy/ReadOnlyCollectionRegionAccessStrategy.java wave1b [15:30]
2026-08-09T18:01:11Z DONE redisson-hibernate/redisson-hibernate-4/src/main/java/org/redisson/hibernate/strategy/ReadOnlyEntityRegionAccessStrategy.java wave1b [15:30]
2026-08-09T18:01:11Z DONE redisson-hibernate/redisson-hibernate-4/src/main/java/org/redisson/hibernate/strategy/ReadOnlyNaturalIdRegionAccessStrategy.java wave1b [15:30]
2026-08-09T18:01:11Z DONE redisson-hibernate/redisson-hibernate-4/src/main/java/org/redisson/hibernate/strategy/ReadWriteCollectionRegionAccessStrategy.java wave1b [15:30]
2026-08-09T18:01:11Z DONE redisson-hibernate/redisson-hibernate-4/src/main/java/org/redisson/hibernate/strategy/ReadWriteEntityRegionAccessStrategy.java wave1b [15:30]
2026-08-09T18:01:11Z DONE redisson-hibernate/redisson-hibernate-4/src/main/java/org/redisson/hibernate/strategy/ReadWriteNaturalIdRegionAccessStrategy.java wave1b [15:30]
2026-08-09T18:01:11Z DONE redisson-hibernate/redisson-hibernate-4/src/main/java/org/redisson/hibernate/strategy/TransactionalCollectionRegionAccessStrategy.java wave1b [15:30]
2026-08-09T18:01:11Z DONE redisson-hibernate/redisson-hibernate-4/src/main/java/org/redisson/hibernate/strategy/TransactionalEntityRegionAccessStrategy.java wave1b [15:30]
2026-08-09T18:01:11Z DONE redisson-hibernate/redisson-hibernate-4/src/main/java/org/redisson/hibernate/strategy/TransactionalNaturalIdRegionAccessStrategy.java wave1b [15:30]
2026-08-09T18:01:11Z DONE redisson-hibernate/redisson-hibernate-5/src/main/java/org/redisson/hibernate/JndiRedissonRegionFactory.java wave1b [15:30]
2026-08-09T18:01:11Z DONE redisson-hibernate/redisson-hibernate-5/src/main/java/org/redisson/hibernate/JndiRedissonRegionNativeFactory.java wave1b [15:30]
2026-08-09T18:01:46Z DONE redisson-hibernate/redisson-hibernate-4/src/main/java/org/redisson/hibernate/strategy/BaseRegionAccessStrategy.java wave1b [15:30]
2026-08-09T18:01:46Z DONE redisson-hibernate/redisson-hibernate-4/src/main/java/org/redisson/hibernate/strategy/NonStrictReadWriteCollectionRegionAccessStrategy.java wave1b [15:30]
2026-08-09T18:01:46Z DONE redisson-hibernate/redisson-hibernate-4/src/main/java/org/redisson/hibernate/strategy/NonStrictReadWriteEntityRegionAccessStrategy.java wave1b [15:30]
2026-08-09T18:01:46Z DONE redisson-hibernate/redisson-hibernate-4/src/main/java/org/redisson/hibernate/strategy/NonStrictReadWriteNaturalIdRegionAccessStrategy.java wave1b [15:30]
2026-08-09T18:01:46Z DONE redisson-hibernate/redisson-hibernate-4/src/main/java/org/redisson/hibernate/strategy/ReadOnlyCollectionRegionAccessStrategy.java wave1b [15:30]
2026-08-09T18:01:46Z DONE redisson-hibernate/redisson-hibernate-4/src/main/java/org/redisson/hibernate/strategy/ReadOnlyEntityRegionAccessStrategy.java wave1b [15:30]
2026-08-09T18:01:46Z DONE redisson-hibernate/redisson-hibernate-4/src/main/java/org/redisson/hibernate/strategy/ReadOnlyNaturalIdRegionAccessStrategy.java wave1b [15:30]
2026-08-09T18:01:46Z DONE redisson-hibernate/redisson-hibernate-4/src/main/java/org/redisson/hibernate/strategy/ReadWriteCollectionRegionAccessStrategy.java wave1b [15:30]
2026-08-09T18:01:46Z DONE redisson-hibernate/redisson-hibernate-4/src/main/java/org/redisson/hibernate/strategy/ReadWriteEntityRegionAccessStrategy.java wave1b [15:30]
2026-08-09T18:01:46Z DONE redisson-hibernate/redisson-hibernate-4/src/main/java/org/redisson/hibernate/strategy/ReadWriteNaturalIdRegionAccessStrategy.java wave1b [15:30]
2026-08-09T18:01:46Z DONE redisson-hibernate/redisson-hibernate-4/src/main/java/org/redisson/hibernate/strategy/TransactionalCollectionRegionAccessStrategy.java wave1b [15:30]
2026-08-09T18:01:46Z DONE redisson-hibernate/redisson-hibernate-4/src/main/java/org/redisson/hibernate/strategy/TransactionalEntityRegionAccessStrategy.java wave1b [15:30]
2026-08-09T18:01:46Z DONE redisson-hibernate/redisson-hibernate-4/src/main/java/org/redisson/hibernate/strategy/TransactionalNaturalIdRegionAccessStrategy.java wave1b [15:30]
2026-08-09T18:01:46Z DONE redisson-hibernate/redisson-hibernate-5/src/main/java/org/redisson/hibernate/JndiRedissonRegionFactory.java wave1b [15:30]
2026-08-09T18:01:46Z DONE redisson-hibernate/redisson-hibernate-5/src/main/java/org/redisson/hibernate/JndiRedissonRegionNativeFactory.java wave1b [15:30]
2026-08-09T18:03:49Z DONE redisson-hibernate/redisson-hibernate-5/src/main/java/org/redisson/hibernate/RedissonCacheKeysFactory.java wave2a [0:15]
2026-08-09T18:03:49Z DONE redisson-hibernate/redisson-hibernate-5/src/main/java/org/redisson/hibernate/RedissonRegionFactory.java wave2a [0:15]
2026-08-09T18:03:49Z DONE redisson-hibernate/redisson-hibernate-5/src/main/java/org/redisson/hibernate/RedissonRegionNativeFactory.java wave2a [0:15]
2026-08-09T18:03:49Z DONE redisson-hibernate/redisson-hibernate-5/src/main/java/org/redisson/hibernate/RedissonStrategyRegistrationProvider.java wave2a [0:15]
2026-08-09T18:03:49Z DONE redisson-hibernate/redisson-hibernate-5/src/main/java/org/redisson/hibernate/region/BaseRegion.java wave2a [0:15]
2026-08-09T18:03:49Z DONE redisson-hibernate/redisson-hibernate-5/src/main/java/org/redisson/hibernate/region/RedissonCollectionRegion.java wave2a [0:15]
2026-08-09T18:03:49Z DONE redisson-hibernate/redisson-hibernate-5/src/main/java/org/redisson/hibernate/region/RedissonEntityRegion.java wave2a [0:15]
2026-08-09T18:03:49Z DONE redisson-hibernate/redisson-hibernate-5/src/main/java/org/redisson/hibernate/region/RedissonNaturalIdRegion.java wave2a [0:15]
2026-08-09T18:03:49Z DONE redisson-hibernate/redisson-hibernate-5/src/main/java/org/redisson/hibernate/region/RedissonQueryRegion.java wave2a [0:15]
2026-08-09T18:03:49Z DONE redisson-hibernate/redisson-hibernate-5/src/main/java/org/redisson/hibernate/region/RedissonTimestampsRegion.java wave2a [0:15]
2026-08-09T18:03:49Z DONE redisson-hibernate/redisson-hibernate-5/src/main/java/org/redisson/hibernate/strategy/AbstractReadWriteAccessStrategy.java wave2a [0:15]
2026-08-09T18:03:49Z DONE redisson-hibernate/redisson-hibernate-5/src/main/java/org/redisson/hibernate/strategy/BaseRegionAccessStrategy.java wave2a [0:15]
2026-08-09T18:03:49Z DONE redisson-hibernate/redisson-hibernate-5/src/main/java/org/redisson/hibernate/strategy/NonStrictReadWriteCollectionRegionAccessStrategy.java wave2a [0:15]
2026-08-09T18:03:49Z DONE redisson-hibernate/redisson-hibernate-5/src/main/java/org/redisson/hibernate/strategy/NonStrictReadWriteEntityRegionAccessStrategy.java wave2a [0:15]
2026-08-09T18:03:49Z DONE redisson-hibernate/redisson-hibernate-5/src/main/java/org/redisson/hibernate/strategy/NonStrictReadWriteNaturalIdRegionAccessStrategy.java wave2a [0:15]
2026-08-09T18:04:07Z DONE redisson-hibernate/redisson-hibernate-5/src/main/java/org/redisson/hibernate/strategy/ReadOnlyCollectionRegionAccessStrategy.java wave2b [15:30]
2026-08-09T18:04:07Z DONE redisson-hibernate/redisson-hibernate-5/src/main/java/org/redisson/hibernate/strategy/ReadOnlyEntityRegionAccessStrategy.java wave2b [15:30]
2026-08-09T18:04:07Z DONE redisson-hibernate/redisson-hibernate-5/src/main/java/org/redisson/hibernate/strategy/ReadOnlyNaturalIdRegionAccessStrategy.java wave2b [15:30]
2026-08-09T18:04:07Z DONE redisson-hibernate/redisson-hibernate-5/src/main/java/org/redisson/hibernate/strategy/ReadWriteCollectionRegionAccessStrategy.java wave2b [15:30]
2026-08-09T18:04:07Z DONE redisson-hibernate/redisson-hibernate-5/src/main/java/org/redisson/hibernate/strategy/ReadWriteEntityRegionAccessStrategy.java wave2b [15:30]
2026-08-09T18:04:07Z DONE redisson-hibernate/redisson-hibernate-5/src/main/java/org/redisson/hibernate/strategy/ReadWriteNaturalIdRegionAccessStrategy.java wave2b [15:30]
2026-08-09T18:04:07Z DONE redisson-hibernate/redisson-hibernate-5/src/main/java/org/redisson/hibernate/strategy/TransactionalCollectionRegionAccessStrategy.java wave2b [15:30]
2026-08-09T18:04:07Z DONE redisson-hibernate/redisson-hibernate-5/src/main/java/org/redisson/hibernate/strategy/TransactionalEntityRegionAccessStrategy.java wave2b [15:30]
2026-08-09T18:04:07Z DONE redisson-hibernate/redisson-hibernate-5/src/main/java/org/redisson/hibernate/strategy/TransactionalNaturalIdRegionAccessStrategy.java wave2b [15:30]
2026-08-09T18:04:07Z DONE redisson-hibernate/redisson-hibernate-52/src/main/java/org/redisson/hibernate/JndiRedissonRegionFactory.java wave2b [15:30]
2026-08-09T18:04:07Z DONE redisson-hibernate/redisson-hibernate-52/src/main/java/org/redisson/hibernate/JndiRedissonRegionNativeFactory.java wave2b [15:30]
2026-08-09T18:04:07Z DONE redisson-hibernate/redisson-hibernate-52/src/main/java/org/redisson/hibernate/RedissonCacheKeysFactory.java wave2b [15:30]
2026-08-09T18:04:07Z DONE redisson-hibernate/redisson-hibernate-52/src/main/java/org/redisson/hibernate/RedissonRegionFactory.java wave2b [15:30]
2026-08-09T18:04:07Z DONE redisson-hibernate/redisson-hibernate-52/src/main/java/org/redisson/hibernate/RedissonRegionNativeFactory.java wave2b [15:30]
2026-08-09T18:04:07Z DONE redisson-hibernate/redisson-hibernate-52/src/main/java/org/redisson/hibernate/RedissonStrategyRegistrationProvider.java wave2b [15:30]
2026-08-09T18:06:50Z DONE redisson-hibernate/redisson-hibernate-52/src/main/java/org/redisson/hibernate/region/BaseRegion.java wave3a [0:15]
2026-08-09T18:06:50Z DONE redisson-hibernate/redisson-hibernate-52/src/main/java/org/redisson/hibernate/region/RedissonCollectionRegion.java wave3a [0:15]
2026-08-09T18:06:50Z DONE redisson-hibernate/redisson-hibernate-52/src/main/java/org/redisson/hibernate/region/RedissonEntityRegion.java wave3a [0:15]
2026-08-09T18:06:50Z DONE redisson-hibernate/redisson-hibernate-52/src/main/java/org/redisson/hibernate/region/RedissonNaturalIdRegion.java wave3a [0:15]
2026-08-09T18:06:50Z DONE redisson-hibernate/redisson-hibernate-52/src/main/java/org/redisson/hibernate/region/RedissonQueryRegion.java wave3a [0:15]
2026-08-09T18:06:50Z DONE redisson-hibernate/redisson-hibernate-52/src/main/java/org/redisson/hibernate/region/RedissonTimestampsRegion.java wave3a [0:15]
2026-08-09T18:06:50Z DONE redisson-hibernate/redisson-hibernate-52/src/main/java/org/redisson/hibernate/strategy/AbstractReadWriteAccessStrategy.java wave3a [0:15]
2026-08-09T18:06:50Z DONE redisson-hibernate/redisson-hibernate-52/src/main/java/org/redisson/hibernate/strategy/BaseRegionAccessStrategy.java wave3a [0:15]
2026-08-09T18:06:50Z DONE redisson-hibernate/redisson-hibernate-52/src/main/java/org/redisson/hibernate/strategy/NonStrictReadWriteCollectionRegionAccessStrategy.java wave3a [0:15]
2026-08-09T18:06:50Z DONE redisson-hibernate/redisson-hibernate-52/src/main/java/org/redisson/hibernate/strategy/NonStrictReadWriteEntityRegionAccessStrategy.java wave3a [0:15]
2026-08-09T18:06:50Z DONE redisson-hibernate/redisson-hibernate-52/src/main/java/org/redisson/hibernate/strategy/NonStrictReadWriteNaturalIdRegionAccessStrategy.java wave3a [0:15]
2026-08-09T18:06:50Z DONE redisson-hibernate/redisson-hibernate-52/src/main/java/org/redisson/hibernate/strategy/ReadOnlyCollectionRegionAccessStrategy.java wave3a [0:15]
2026-08-09T18:06:50Z DONE redisson-hibernate/redisson-hibernate-52/src/main/java/org/redisson/hibernate/strategy/ReadOnlyEntityRegionAccessStrategy.java wave3a [0:15]
2026-08-09T18:06:50Z DONE redisson-hibernate/redisson-hibernate-52/src/main/java/org/redisson/hibernate/strategy/ReadOnlyNaturalIdRegionAccessStrategy.java wave3a [0:15]
2026-08-09T18:06:50Z DONE redisson-hibernate/redisson-hibernate-52/src/main/java/org/redisson/hibernate/strategy/ReadWriteCollectionRegionAccessStrategy.java wave3a [0:15]
2026-08-09T18:07:45Z DONE redisson-hibernate/redisson-hibernate-52/src/main/java/org/redisson/hibernate/strategy/ReadWriteEntityRegionAccessStrategy.java wave3b [15:30]
2026-08-09T18:07:45Z DONE redisson-hibernate/redisson-hibernate-52/src/main/java/org/redisson/hibernate/strategy/ReadWriteNaturalIdRegionAccessStrategy.java wave3b [15:30]
2026-08-09T18:07:45Z DONE redisson-hibernate/redisson-hibernate-52/src/main/java/org/redisson/hibernate/strategy/TransactionalCollectionRegionAccessStrategy.java wave3b [15:30]
2026-08-09T18:07:45Z DONE redisson-hibernate/redisson-hibernate-52/src/main/java/org/redisson/hibernate/strategy/TransactionalEntityRegionAccessStrategy.java wave3b [15:30]
2026-08-09T18:07:45Z DONE redisson-hibernate/redisson-hibernate-52/src/main/java/org/redisson/hibernate/strategy/TransactionalNaturalIdRegionAccessStrategy.java wave3b [15:30]
2026-08-09T18:07:45Z DONE redisson-hibernate/redisson-hibernate-53/src/main/java/org/redisson/hibernate/JndiRedissonRegionFactory.java wave3b [15:30]
2026-08-09T18:07:45Z DONE redisson-hibernate/redisson-hibernate-53/src/main/java/org/redisson/hibernate/JndiRedissonRegionNativeFactory.java wave3b [15:30]
2026-08-09T18:07:45Z DONE redisson-hibernate/redisson-hibernate-53/src/main/java/org/redisson/hibernate/RedissonCacheKeysFactory.java wave3b [15:30]
2026-08-09T18:07:45Z DONE redisson-hibernate/redisson-hibernate-53/src/main/java/org/redisson/hibernate/RedissonRegionFactory.java wave3b [15:30]
2026-08-09T18:07:45Z DONE redisson-hibernate/redisson-hibernate-53/src/main/java/org/redisson/hibernate/RedissonRegionNativeFactory.java wave3b [15:30]
2026-08-09T18:07:45Z DONE redisson-hibernate/redisson-hibernate-53/src/main/java/org/redisson/hibernate/RedissonStorage.java wave3b [15:30]
2026-08-09T18:07:45Z DONE redisson-hibernate/redisson-hibernate-53/src/main/java/org/redisson/hibernate/RedissonStrategyRegistrationProvider.java wave3b [15:30]
2026-08-09T18:07:45Z DONE redisson-hibernate/redisson-hibernate-6/src/main/java/org/redisson/hibernate/JndiRedissonRegionFactory.java wave3b [15:30]
2026-08-09T18:07:45Z DONE redisson-hibernate/redisson-hibernate-6/src/main/java/org/redisson/hibernate/JndiRedissonRegionNativeFactory.java wave3b [15:30]
2026-08-09T18:07:45Z DONE redisson-hibernate/redisson-hibernate-6/src/main/java/org/redisson/hibernate/RedissonCacheKeysFactory.java wave3b [15:30]
2026-08-09T18:10:12Z DONE redisson-hibernate/redisson-hibernate-6/src/main/java/org/redisson/hibernate/RedissonRegionFactory.java wave4a [0:15]
2026-08-09T18:10:12Z DONE redisson-hibernate/redisson-hibernate-6/src/main/java/org/redisson/hibernate/RedissonRegionNativeFactory.java wave4a [0:15]
2026-08-09T18:10:12Z DONE redisson-hibernate/redisson-hibernate-6/src/main/java/org/redisson/hibernate/RedissonStorage.java wave4a [0:15]
2026-08-09T18:10:12Z DONE redisson-hibernate/redisson-hibernate-6/src/main/java/org/redisson/hibernate/RedissonStrategyRegistrationProvider.java wave4a [0:15]
2026-08-09T18:10:12Z DONE redisson-hibernate/redisson-hibernate-7/src/main/java/org/redisson/hibernate/JndiRedissonRegionFactory.java wave4a [0:15]
2026-08-09T18:10:12Z DONE redisson-hibernate/redisson-hibernate-7/src/main/java/org/redisson/hibernate/JndiRedissonRegionNativeFactory.java wave4a [0:15]
2026-08-09T18:10:12Z DONE redisson-hibernate/redisson-hibernate-7/src/main/java/org/redisson/hibernate/RedissonCacheKeysFactory.java wave4a [0:15]
2026-08-09T18:10:12Z DONE redisson-hibernate/redisson-hibernate-7/src/main/java/org/redisson/hibernate/RedissonRegionFactory.java wave4a [0:15]
2026-08-09T18:10:12Z DONE redisson-hibernate/redisson-hibernate-7/src/main/java/org/redisson/hibernate/RedissonRegionNativeFactory.java wave4a [0:15]
2026-08-09T18:10:12Z DONE redisson-hibernate/redisson-hibernate-7/src/main/java/org/redisson/hibernate/RedissonStorage.java wave4a [0:15]
2026-08-09T18:10:12Z DONE redisson-hibernate/redisson-hibernate-7/src/main/java/org/redisson/hibernate/RedissonStrategyRegistrationProvider.java wave4a [0:15]
2026-08-09T18:10:12Z DONE redisson-hibernate/redisson-hibernate-72/src/main/java/org/redisson/hibernate/JndiRedissonRegionFactory.java wave4a [0:15]
2026-08-09T18:10:12Z DONE redisson-hibernate/redisson-hibernate-72/src/main/java/org/redisson/hibernate/JndiRedissonRegionNativeFactory.java wave4a [0:15]
2026-08-09T18:10:12Z DONE redisson-hibernate/redisson-hibernate-72/src/main/java/org/redisson/hibernate/RedissonCacheKeysFactory.java wave4a [0:15]
2026-08-09T18:10:12Z DONE redisson-hibernate/redisson-hibernate-72/src/main/java/org/redisson/hibernate/RedissonRegionFactory.java wave4a [0:15]
2026-08-09T18:10:24Z DONE redisson-hibernate/redisson-hibernate-72/src/main/java/org/redisson/hibernate/RedissonRegionNativeFactory.java wave4b [15:30]
2026-08-09T18:10:24Z DONE redisson-hibernate/redisson-hibernate-72/src/main/java/org/redisson/hibernate/RedissonStorage.java wave4b [15:30]
2026-08-09T18:10:24Z DONE redisson-hibernate/redisson-hibernate-72/src/main/java/org/redisson/hibernate/RedissonStrategyRegistrationProvider.java wave4b [15:30]
2026-08-09T18:10:24Z DONE redisson-micronaut/redisson-micronaut-20/src/main/java/org/redisson/micronaut/RedissonConfiguration.java wave4b [15:30]
2026-08-09T18:10:24Z DONE redisson-micronaut/redisson-micronaut-20/src/main/java/org/redisson/micronaut/RedissonFactory.java wave4b [15:30]
2026-08-09T18:10:24Z DONE redisson-micronaut/redisson-micronaut-20/src/main/java/org/redisson/micronaut/cache/BaseCacheConfiguration.java wave4b [15:30]
2026-08-09T18:10:24Z DONE redisson-micronaut/redisson-micronaut-20/src/main/java/org/redisson/micronaut/cache/RedissonAsyncCache.java wave4b [15:30]
2026-08-09T18:10:24Z DONE redisson-micronaut/redisson-micronaut-20/src/main/java/org/redisson/micronaut/cache/RedissonCacheConfiguration.java wave4b [15:30]
2026-08-09T18:10:24Z DONE redisson-micronaut/redisson-micronaut-20/src/main/java/org/redisson/micronaut/cache/RedissonCacheNativeConfiguration.java wave4b [15:30]
2026-08-09T18:10:24Z DONE redisson-micronaut/redisson-micronaut-20/src/main/java/org/redisson/micronaut/cache/RedissonSyncCache.java wave4b [15:30]
2026-08-09T18:10:24Z DONE redisson-micronaut/redisson-micronaut-20/src/main/java/org/redisson/micronaut/session/AttributeMessage.java wave4b [15:30]
2026-08-09T18:10:24Z DONE redisson-micronaut/redisson-micronaut-20/src/main/java/org/redisson/micronaut/session/AttributeRemoveMessage.java wave4b [15:30]
2026-08-09T18:10:24Z DONE redisson-micronaut/redisson-micronaut-20/src/main/java/org/redisson/micronaut/session/AttributeUpdateMessage.java wave4b [15:30]
2026-08-09T18:10:24Z DONE redisson-micronaut/redisson-micronaut-20/src/main/java/org/redisson/micronaut/session/AttributesClearMessage.java wave4b [15:30]
2026-08-09T18:10:24Z DONE redisson-micronaut/redisson-micronaut-20/src/main/java/org/redisson/micronaut/session/AttributesPutAllMessage.java wave4b [15:30]
2026-08-09T18:14:05Z DONE redisson-micronaut/redisson-micronaut-20/src/main/java/org/redisson/micronaut/session/RedissonHttpSessionConfiguration.java wave5a [0:15]
2026-08-09T18:14:05Z DONE redisson-micronaut/redisson-micronaut-20/src/main/java/org/redisson/micronaut/session/RedissonSession.java wave5a [0:15]
2026-08-09T18:14:05Z DONE redisson-micronaut/redisson-micronaut-20/src/main/java/org/redisson/micronaut/session/RedissonSessionStore.java wave5a [0:15]
2026-08-09T18:14:05Z DONE redisson-micronaut/redisson-micronaut-20/src/main/java/org/redisson/micronaut/session/SessionCreatedMessage.java wave5a [0:15]
2026-08-09T18:14:05Z DONE redisson-micronaut/redisson-micronaut-20/src/main/java/org/redisson/micronaut/session/SessionDestroyedMessage.java wave5a [0:15]
2026-08-09T18:14:05Z DONE redisson-micronaut/redisson-micronaut-30/src/main/java/org/redisson/micronaut/RedissonConfiguration.java wave5a [0:15]
2026-08-09T18:14:05Z DONE redisson-micronaut/redisson-micronaut-30/src/main/java/org/redisson/micronaut/RedissonFactory.java wave5a [0:15]
2026-08-09T18:14:05Z DONE redisson-micronaut/redisson-micronaut-30/src/main/java/org/redisson/micronaut/cache/BaseCacheConfiguration.java wave5a [0:15]
2026-08-09T18:14:05Z DONE redisson-micronaut/redisson-micronaut-30/src/main/java/org/redisson/micronaut/cache/RedissonAsyncCache.java wave5a [0:15]
2026-08-09T18:14:05Z DONE redisson-micronaut/redisson-micronaut-30/src/main/java/org/redisson/micronaut/cache/RedissonCacheConfiguration.java wave5a [0:15]
2026-08-09T18:14:05Z DONE redisson-micronaut/redisson-micronaut-30/src/main/java/org/redisson/micronaut/cache/RedissonCacheNativeConfiguration.java wave5a [0:15]
2026-08-09T18:14:05Z DONE redisson-micronaut/redisson-micronaut-30/src/main/java/org/redisson/micronaut/cache/RedissonSyncCache.java wave5a [0:15]
2026-08-09T18:14:05Z DONE redisson-micronaut/redisson-micronaut-30/src/main/java/org/redisson/micronaut/session/AttributeMessage.java wave5a [0:15]
2026-08-09T18:14:05Z DONE redisson-micronaut/redisson-micronaut-30/src/main/java/org/redisson/micronaut/session/AttributeRemoveMessage.java wave5a [0:15]
2026-08-09T18:14:05Z DONE redisson-micronaut/redisson-micronaut-30/src/main/java/org/redisson/micronaut/session/AttributeUpdateMessage.java wave5a [0:15]
2026-08-09T18:15:08Z DONE redisson-micronaut/redisson-micronaut-30/src/main/java/org/redisson/micronaut/session/AttributesClearMessage.java wave5b [15:30]
2026-08-09T18:15:08Z DONE redisson-micronaut/redisson-micronaut-30/src/main/java/org/redisson/micronaut/session/AttributesPutAllMessage.java wave5b [15:30]
2026-08-09T18:15:08Z DONE redisson-micronaut/redisson-micronaut-30/src/main/java/org/redisson/micronaut/session/RedissonHttpSessionConfiguration.java wave5b [15:30]
2026-08-09T18:15:08Z DONE redisson-micronaut/redisson-micronaut-30/src/main/java/org/redisson/micronaut/session/RedissonSession.java wave5b [15:30]
2026-08-09T18:15:08Z DONE redisson-micronaut/redisson-micronaut-30/src/main/java/org/redisson/micronaut/session/RedissonSessionStore.java wave5b [15:30]
2026-08-09T18:15:08Z DONE redisson-micronaut/redisson-micronaut-30/src/main/java/org/redisson/micronaut/session/SessionCreatedMessage.java wave5b [15:30]
2026-08-09T18:15:08Z DONE redisson-micronaut/redisson-micronaut-30/src/main/java/org/redisson/micronaut/session/SessionDestroyedMessage.java wave5b [15:30]
2026-08-09T18:15:08Z DONE redisson-micronaut/redisson-micronaut-40/src/main/java/org/redisson/micronaut/RedissonConfiguration.java wave5b [15:30]
2026-08-09T18:15:08Z DONE redisson-micronaut/redisson-micronaut-40/src/main/java/org/redisson/micronaut/RedissonFactory.java wave5b [15:30]
2026-08-09T18:15:08Z DONE redisson-micronaut/redisson-micronaut-40/src/main/java/org/redisson/micronaut/cache/BaseCacheConfiguration.java wave5b [15:30]
2026-08-09T18:15:08Z DONE redisson-micronaut/redisson-micronaut-40/src/main/java/org/redisson/micronaut/cache/RedissonAsyncCache.java wave5b [15:30]
2026-08-09T18:15:08Z DONE redisson-micronaut/redisson-micronaut-40/src/main/java/org/redisson/micronaut/cache/RedissonCacheConfiguration.java wave5b [15:30]
2026-08-09T18:15:08Z DONE redisson-micronaut/redisson-micronaut-40/src/main/java/org/redisson/micronaut/cache/RedissonCacheNativeConfiguration.java wave5b [15:30]
2026-08-09T18:15:08Z DONE redisson-micronaut/redisson-micronaut-40/src/main/java/org/redisson/micronaut/cache/RedissonSyncCache.java wave5b [15:30]
2026-08-09T18:15:08Z DONE redisson-micronaut/redisson-micronaut-40/src/main/java/org/redisson/micronaut/session/AttributeMessage.java wave5b [15:30]
