2026-08-09T16:43:35Z DONE spring-context/src/main/java/org/springframework/scheduling/support/NoOpTaskScheduler.java wave13a
2026-08-09T16:43:35Z DONE spring-context/src/main/java/org/springframework/scheduling/support/PeriodicTrigger.java wave13a
2026-08-09T16:43:35Z DONE spring-context/src/main/java/org/springframework/scheduling/support/QuartzCronField.java wave13a
2026-08-09T16:43:35Z DONE spring-context/src/main/java/org/springframework/scheduling/support/ScheduledMethodRunnable.java wave13a
2026-08-09T16:43:35Z DONE spring-context/src/main/java/org/springframework/scheduling/support/ScheduledTaskObservationContext.java wave13a
2026-08-09T16:43:35Z DONE spring-context/src/main/java/org/springframework/scheduling/support/ScheduledTaskObservationConvention.java wave13a
2026-08-09T16:43:35Z DONE spring-context/src/main/java/org/springframework/scheduling/support/ScheduledTaskObservationDocumentation.java wave13a
2026-08-09T16:43:35Z DONE spring-context/src/main/java/org/springframework/scheduling/support/SimpleTriggerContext.java wave13a
2026-08-09T16:43:35Z DONE spring-context/src/main/java/org/springframework/scheduling/support/TaskUtils.java wave13a
2026-08-09T16:43:35Z DONE spring-context/src/main/java/org/springframework/scripting/ScriptCompilationException.java wave13a
2026-08-09T16:43:35Z DONE spring-context/src/main/java/org/springframework/scripting/ScriptEvaluator.java wave13a
2026-08-09T16:43:35Z DONE spring-context/src/main/java/org/springframework/scripting/ScriptFactory.java wave13a
2026-08-09T16:43:35Z DONE spring-context/src/main/java/org/springframework/scripting/ScriptSource.java wave13a
2026-08-09T16:43:35Z DONE spring-context/src/main/java/org/springframework/scripting/bsh/BshScriptEvaluator.java wave13a
2026-08-09T16:43:35Z DONE spring-context/src/main/java/org/springframework/scripting/bsh/BshScriptFactory.java wave13a
2026-08-09T16:43:35Z DONE spring-context/src/main/java/org/springframework/scripting/bsh/BshScriptUtils.java wave13a
2026-08-09T16:43:35Z DONE spring-context/src/main/java/org/springframework/scripting/config/LangNamespaceHandler.java wave13a
2026-08-09T16:43:35Z DONE spring-context/src/main/java/org/springframework/scripting/config/LangNamespaceUtils.java wave13a
2026-08-09T16:43:35Z DONE spring-context/src/main/java/org/springframework/scripting/config/ScriptBeanDefinitionParser.java wave13a
2026-08-09T16:43:35Z DONE spring-context/src/main/java/org/springframework/scripting/config/ScriptingDefaultsParser.java wave13a
2026-08-09T16:47:05Z DONE spring-context/src/main/java/org/springframework/scheduling/support/NoOpTaskScheduler.java wave13a
2026-08-09T16:47:05Z DONE spring-context/src/main/java/org/springframework/scheduling/support/PeriodicTrigger.java wave13a
2026-08-09T16:47:05Z DONE spring-context/src/main/java/org/springframework/scheduling/support/QuartzCronField.java wave13a
2026-08-09T16:47:05Z DONE spring-context/src/main/java/org/springframework/scheduling/support/ScheduledMethodRunnable.java wave13a
2026-08-09T16:47:05Z DONE spring-context/src/main/java/org/springframework/scheduling/support/ScheduledTaskObservationContext.java wave13a
2026-08-09T16:47:05Z DONE spring-context/src/main/java/org/springframework/scheduling/support/ScheduledTaskObservationConvention.java wave13a
2026-08-09T16:47:05Z DONE spring-context/src/main/java/org/springframework/scheduling/support/ScheduledTaskObservationDocumentation.java wave13a
2026-08-09T16:47:05Z DONE spring-context/src/main/java/org/springframework/scheduling/support/SimpleTriggerContext.java wave13a
2026-08-09T16:47:05Z DONE spring-context/src/main/java/org/springframework/scheduling/support/TaskUtils.java wave13a
2026-08-09T16:47:05Z DONE spring-context/src/main/java/org/springframework/scripting/ScriptCompilationException.java wave13a
2026-08-09T16:47:05Z DONE spring-context/src/main/java/org/springframework/scripting/ScriptEvaluator.java wave13a
2026-08-09T16:47:05Z DONE spring-context/src/main/java/org/springframework/scripting/ScriptFactory.java wave13a
2026-08-09T16:47:05Z DONE spring-context/src/main/java/org/springframework/scripting/ScriptSource.java wave13a
2026-08-09T16:47:05Z DONE spring-context/src/main/java/org/springframework/scripting/bsh/BshScriptEvaluator.java wave13a
2026-08-09T16:47:05Z DONE spring-context/src/main/java/org/springframework/scripting/bsh/BshScriptFactory.java wave13a
2026-08-09T16:47:05Z DONE spring-context/src/main/java/org/springframework/scripting/bsh/BshScriptUtils.java wave13a
2026-08-09T16:47:05Z DONE spring-context/src/main/java/org/springframework/scripting/config/LangNamespaceHandler.java wave13a
2026-08-09T16:47:05Z DONE spring-context/src/main/java/org/springframework/scripting/config/LangNamespaceUtils.java wave13a
2026-08-09T16:47:05Z DONE spring-context/src/main/java/org/springframework/scripting/config/ScriptBeanDefinitionParser.java wave13a
2026-08-09T16:47:05Z DONE spring-context/src/main/java/org/springframework/scripting/config/ScriptingDefaultsParser.java wave13a
2026-08-09T16:47:22Z DONE spring-context/src/main/java/org/springframework/scheduling/support/NoOpTaskScheduler.java wave13a
2026-08-09T16:47:22Z DONE spring-context/src/main/java/org/springframework/scheduling/support/PeriodicTrigger.java wave13a
2026-08-09T16:47:22Z DONE spring-context/src/main/java/org/springframework/scheduling/support/QuartzCronField.java wave13a
2026-08-09T16:47:22Z DONE spring-context/src/main/java/org/springframework/scheduling/support/ScheduledMethodRunnable.java wave13a
2026-08-09T16:47:22Z DONE spring-context/src/main/java/org/springframework/scheduling/support/ScheduledTaskObservationContext.java wave13a
2026-08-09T16:47:22Z DONE spring-context/src/main/java/org/springframework/scheduling/support/ScheduledTaskObservationConvention.java wave13a
2026-08-09T16:47:22Z DONE spring-context/src/main/java/org/springframework/scheduling/support/ScheduledTaskObservationDocumentation.java wave13a
2026-08-09T16:47:22Z DONE spring-context/src/main/java/org/springframework/scheduling/support/SimpleTriggerContext.java wave13a
2026-08-09T16:47:22Z DONE spring-context/src/main/java/org/springframework/scheduling/support/TaskUtils.java wave13a
2026-08-09T16:47:22Z DONE spring-context/src/main/java/org/springframework/scripting/ScriptCompilationException.java wave13a
2026-08-09T16:47:22Z DONE spring-context/src/main/java/org/springframework/scripting/ScriptEvaluator.java wave13a
2026-08-09T16:47:22Z DONE spring-context/src/main/java/org/springframework/scripting/ScriptFactory.java wave13a
2026-08-09T16:47:22Z DONE spring-context/src/main/java/org/springframework/scripting/ScriptSource.java wave13a
2026-08-09T16:47:22Z DONE spring-context/src/main/java/org/springframework/scripting/bsh/BshScriptEvaluator.java wave13a
2026-08-09T16:47:22Z DONE spring-context/src/main/java/org/springframework/scripting/bsh/BshScriptFactory.java wave13a
2026-08-09T16:47:22Z DONE spring-context/src/main/java/org/springframework/scripting/bsh/BshScriptUtils.java wave13a
2026-08-09T16:47:22Z DONE spring-context/src/main/java/org/springframework/scripting/config/LangNamespaceHandler.java wave13a
2026-08-09T16:47:22Z DONE spring-context/src/main/java/org/springframework/scripting/config/LangNamespaceUtils.java wave13a
2026-08-09T16:47:22Z DONE spring-context/src/main/java/org/springframework/scripting/config/ScriptBeanDefinitionParser.java wave13a
2026-08-09T16:47:22Z DONE spring-context/src/main/java/org/springframework/scripting/config/ScriptingDefaultsParser.java wave13a
2026-08-09T16:50:41Z DONE spring-context/src/main/java/org/springframework/validation/AbstractErrors.java wave14a
2026-08-09T16:50:41Z DONE spring-context/src/main/java/org/springframework/validation/AbstractPropertyBindingResult.java wave14a
2026-08-09T16:50:41Z DONE spring-context/src/main/java/org/springframework/validation/BeanPropertyBindingResult.java wave14a
2026-08-09T16:50:41Z DONE spring-context/src/main/java/org/springframework/validation/BindException.java wave14a
2026-08-09T16:50:41Z DONE spring-context/src/main/java/org/springframework/validation/BindingErrorProcessor.java wave14a
2026-08-09T16:50:41Z DONE spring-context/src/main/java/org/springframework/validation/BindingResult.java wave14a
2026-08-09T16:50:41Z DONE spring-context/src/main/java/org/springframework/validation/BindingResultUtils.java wave14a
2026-08-09T16:50:41Z DONE spring-context/src/main/java/org/springframework/validation/DefaultBindingErrorProcessor.java wave14a
2026-08-09T16:50:41Z DONE spring-context/src/main/java/org/springframework/validation/DefaultMessageCodesResolver.java wave14a
2026-08-09T16:50:41Z DONE spring-context/src/main/java/org/springframework/validation/DirectFieldBindingResult.java wave14a
2026-08-09T16:50:41Z DONE spring-context/src/main/java/org/springframework/validation/Errors.java wave14a
2026-08-09T16:50:41Z DONE spring-context/src/main/java/org/springframework/validation/FieldError.java wave14a
2026-08-09T16:50:41Z DONE spring-context/src/main/java/org/springframework/validation/MapBindingResult.java wave14a
2026-08-09T16:50:41Z DONE spring-context/src/main/java/org/springframework/validation/MessageCodeFormatter.java wave14a
2026-08-09T16:50:41Z DONE spring-context/src/main/java/org/springframework/validation/MessageCodesResolver.java wave14a
2026-08-09T16:50:41Z DONE spring-context/src/main/java/org/springframework/validation/ObjectError.java wave14a
2026-08-09T16:50:41Z DONE spring-context/src/main/java/org/springframework/validation/SimpleErrors.java wave14a
2026-08-09T16:50:41Z DONE spring-context/src/main/java/org/springframework/validation/SmartValidator.java wave14a
2026-08-09T16:50:41Z DONE spring-context/src/main/java/org/springframework/validation/TypedValidator.java wave14a
2026-08-09T16:50:41Z DONE spring-context/src/main/java/org/springframework/validation/ValidationUtils.java wave14a
2026-08-09T16:55:21Z DONE spring-context/src/main/java/org/springframework/validation/AbstractErrors.java wave14a
2026-08-09T16:55:21Z DONE spring-context/src/main/java/org/springframework/validation/AbstractPropertyBindingResult.java wave14a
2026-08-09T16:55:21Z DONE spring-context/src/main/java/org/springframework/validation/BeanPropertyBindingResult.java wave14a
2026-08-09T16:55:21Z DONE spring-context/src/main/java/org/springframework/validation/BindException.java wave14a
2026-08-09T16:55:21Z DONE spring-context/src/main/java/org/springframework/validation/BindingErrorProcessor.java wave14a
2026-08-09T16:55:21Z DONE spring-context/src/main/java/org/springframework/validation/BindingResult.java wave14a
2026-08-09T16:55:21Z DONE spring-context/src/main/java/org/springframework/validation/BindingResultUtils.java wave14a
2026-08-09T16:55:21Z DONE spring-context/src/main/java/org/springframework/validation/DefaultBindingErrorProcessor.java wave14a
2026-08-09T16:55:21Z DONE spring-context/src/main/java/org/springframework/validation/DefaultMessageCodesResolver.java wave14a
2026-08-09T16:55:21Z DONE spring-context/src/main/java/org/springframework/validation/DirectFieldBindingResult.java wave14a
2026-08-09T16:55:21Z DONE spring-context/src/main/java/org/springframework/validation/Errors.java wave14a
2026-08-09T16:55:21Z DONE spring-context/src/main/java/org/springframework/validation/FieldError.java wave14a
2026-08-09T16:55:21Z DONE spring-context/src/main/java/org/springframework/validation/MapBindingResult.java wave14a
2026-08-09T16:55:21Z DONE spring-context/src/main/java/org/springframework/validation/MessageCodeFormatter.java wave14a
2026-08-09T16:55:21Z DONE spring-context/src/main/java/org/springframework/validation/MessageCodesResolver.java wave14a
2026-08-09T16:55:21Z DONE spring-context/src/main/java/org/springframework/validation/ObjectError.java wave14a
2026-08-09T16:55:21Z DONE spring-context/src/main/java/org/springframework/validation/SimpleErrors.java wave14a
2026-08-09T16:55:21Z DONE spring-context/src/main/java/org/springframework/validation/SmartValidator.java wave14a
2026-08-09T16:55:21Z DONE spring-context/src/main/java/org/springframework/validation/TypedValidator.java wave14a
2026-08-09T16:55:21Z DONE spring-context/src/main/java/org/springframework/validation/ValidationUtils.java wave14a
2026-08-09T16:55:46Z DONE spring-context/src/main/java/org/springframework/validation/AbstractErrors.java wave14a
2026-08-09T16:55:46Z DONE spring-context/src/main/java/org/springframework/validation/AbstractPropertyBindingResult.java wave14a
2026-08-09T16:55:46Z DONE spring-context/src/main/java/org/springframework/validation/BeanPropertyBindingResult.java wave14a
2026-08-09T16:55:46Z DONE spring-context/src/main/java/org/springframework/validation/BindException.java wave14a
2026-08-09T16:55:46Z DONE spring-context/src/main/java/org/springframework/validation/BindingErrorProcessor.java wave14a
2026-08-09T16:55:46Z DONE spring-context/src/main/java/org/springframework/validation/BindingResult.java wave14a
2026-08-09T16:55:46Z DONE spring-context/src/main/java/org/springframework/validation/BindingResultUtils.java wave14a
2026-08-09T16:55:46Z DONE spring-context/src/main/java/org/springframework/validation/DefaultBindingErrorProcessor.java wave14a
2026-08-09T16:55:46Z DONE spring-context/src/main/java/org/springframework/validation/DefaultMessageCodesResolver.java wave14a
2026-08-09T16:55:46Z DONE spring-context/src/main/java/org/springframework/validation/DirectFieldBindingResult.java wave14a
2026-08-09T16:55:46Z DONE spring-context/src/main/java/org/springframework/validation/Errors.java wave14a
2026-08-09T16:55:46Z DONE spring-context/src/main/java/org/springframework/validation/FieldError.java wave14a
2026-08-09T16:55:46Z DONE spring-context/src/main/java/org/springframework/validation/MapBindingResult.java wave14a
2026-08-09T16:55:46Z DONE spring-context/src/main/java/org/springframework/validation/MessageCodeFormatter.java wave14a
2026-08-09T16:55:46Z DONE spring-context/src/main/java/org/springframework/validation/MessageCodesResolver.java wave14a
2026-08-09T16:55:46Z DONE spring-context/src/main/java/org/springframework/validation/ObjectError.java wave14a
2026-08-09T16:55:46Z DONE spring-context/src/main/java/org/springframework/validation/SimpleErrors.java wave14a
2026-08-09T16:55:46Z DONE spring-context/src/main/java/org/springframework/validation/SmartValidator.java wave14a
2026-08-09T16:55:46Z DONE spring-context/src/main/java/org/springframework/validation/TypedValidator.java wave14a
2026-08-09T16:55:46Z DONE spring-context/src/main/java/org/springframework/validation/ValidationUtils.java wave14a
2026-08-09T17:00:43Z DONE spring-tx/src/main/java/org/springframework/dao/PermissionDeniedDataAccessException.java wave15b
2026-08-09T17:00:43Z DONE spring-tx/src/main/java/org/springframework/dao/PessimisticLockingFailureException.java wave15b
2026-08-09T17:00:43Z DONE spring-tx/src/main/java/org/springframework/dao/QueryTimeoutException.java wave15b
2026-08-09T17:00:43Z DONE spring-tx/src/main/java/org/springframework/dao/RecoverableDataAccessException.java wave15b
2026-08-09T17:00:43Z DONE spring-tx/src/main/java/org/springframework/dao/TransientDataAccessException.java wave15b
2026-08-09T17:00:43Z DONE spring-tx/src/main/java/org/springframework/dao/TransientDataAccessResourceException.java wave15b
2026-08-09T17:00:43Z DONE spring-tx/src/main/java/org/springframework/dao/TypeMismatchDataAccessException.java wave15b
2026-08-09T17:00:43Z DONE spring-tx/src/main/java/org/springframework/dao/UncategorizedDataAccessException.java wave15b
2026-08-09T17:00:43Z DONE spring-tx/src/main/java/org/springframework/dao/annotation/PersistenceExceptionTranslationAdvisor.java wave15b
2026-08-09T17:00:43Z DONE spring-tx/src/main/java/org/springframework/dao/annotation/PersistenceExceptionTranslationPostProcessor.java wave15b
2026-08-09T17:00:43Z DONE spring-tx/src/main/java/org/springframework/dao/support/ChainedPersistenceExceptionTranslator.java wave15b
2026-08-09T17:00:43Z DONE spring-tx/src/main/java/org/springframework/dao/support/DaoSupport.java wave15b
2026-08-09T17:00:43Z DONE spring-tx/src/main/java/org/springframework/dao/support/DataAccessUtils.java wave15b
2026-08-09T17:00:43Z DONE spring-tx/src/main/java/org/springframework/dao/support/PersistenceExceptionTranslationInterceptor.java wave15b
2026-08-09T17:00:43Z DONE spring-tx/src/main/java/org/springframework/dao/support/PersistenceExceptionTranslator.java wave15b
2026-08-09T17:00:43Z DONE spring-tx/src/main/java/org/springframework/jca/endpoint/AbstractMessageEndpointFactory.java wave15b
2026-08-09T17:00:43Z DONE spring-tx/src/main/java/org/springframework/jca/endpoint/GenericMessageEndpointFactory.java wave15b
2026-08-09T17:00:43Z DONE spring-tx/src/main/java/org/springframework/jca/endpoint/GenericMessageEndpointManager.java wave15b
2026-08-09T17:00:43Z DONE spring-tx/src/main/java/org/springframework/jca/support/LocalConnectionFactoryBean.java wave15b
2026-08-09T17:00:43Z DONE spring-tx/src/main/java/org/springframework/jca/support/ResourceAdapterFactoryBean.java wave15b
2026-08-09T17:05:23Z DONE spring-tx/src/main/java/org/springframework/dao/PermissionDeniedDataAccessException.java wave15b
2026-08-09T17:05:23Z DONE spring-tx/src/main/java/org/springframework/dao/PessimisticLockingFailureException.java wave15b
2026-08-09T17:05:23Z DONE spring-tx/src/main/java/org/springframework/dao/QueryTimeoutException.java wave15b
2026-08-09T17:05:23Z DONE spring-tx/src/main/java/org/springframework/dao/RecoverableDataAccessException.java wave15b
2026-08-09T17:05:23Z DONE spring-tx/src/main/java/org/springframework/dao/TransientDataAccessException.java wave15b
2026-08-09T17:05:23Z DONE spring-tx/src/main/java/org/springframework/dao/TransientDataAccessResourceException.java wave15b
2026-08-09T17:05:23Z DONE spring-tx/src/main/java/org/springframework/dao/TypeMismatchDataAccessException.java wave15b
2026-08-09T17:05:23Z DONE spring-tx/src/main/java/org/springframework/dao/UncategorizedDataAccessException.java wave15b
2026-08-09T17:05:23Z DONE spring-tx/src/main/java/org/springframework/dao/annotation/PersistenceExceptionTranslationAdvisor.java wave15b
2026-08-09T17:05:23Z DONE spring-tx/src/main/java/org/springframework/dao/annotation/PersistenceExceptionTranslationPostProcessor.java wave15b
2026-08-09T17:05:23Z DONE spring-tx/src/main/java/org/springframework/dao/support/ChainedPersistenceExceptionTranslator.java wave15b
2026-08-09T17:05:23Z DONE spring-tx/src/main/java/org/springframework/dao/support/DaoSupport.java wave15b
2026-08-09T17:05:23Z DONE spring-tx/src/main/java/org/springframework/dao/support/DataAccessUtils.java wave15b
2026-08-09T17:05:23Z DONE spring-tx/src/main/java/org/springframework/dao/support/PersistenceExceptionTranslationInterceptor.java wave15b
2026-08-09T17:05:23Z DONE spring-tx/src/main/java/org/springframework/dao/support/PersistenceExceptionTranslator.java wave15b
2026-08-09T17:05:23Z DONE spring-tx/src/main/java/org/springframework/jca/endpoint/AbstractMessageEndpointFactory.java wave15b
2026-08-09T17:05:23Z DONE spring-tx/src/main/java/org/springframework/jca/endpoint/GenericMessageEndpointFactory.java wave15b
2026-08-09T17:05:23Z DONE spring-tx/src/main/java/org/springframework/jca/endpoint/GenericMessageEndpointManager.java wave15b
2026-08-09T17:05:23Z DONE spring-tx/src/main/java/org/springframework/jca/support/LocalConnectionFactoryBean.java wave15b
2026-08-09T17:05:23Z DONE spring-tx/src/main/java/org/springframework/jca/support/ResourceAdapterFactoryBean.java wave15b
2026-08-09T17:10:09Z DONE spring-tx/src/main/java/org/springframework/dao/PermissionDeniedDataAccessException.java wave15b
2026-08-09T17:10:09Z DONE spring-tx/src/main/java/org/springframework/dao/PessimisticLockingFailureException.java wave15b
2026-08-09T17:10:09Z DONE spring-tx/src/main/java/org/springframework/dao/QueryTimeoutException.java wave15b
2026-08-09T17:10:09Z DONE spring-tx/src/main/java/org/springframework/dao/RecoverableDataAccessException.java wave15b
2026-08-09T17:10:09Z DONE spring-tx/src/main/java/org/springframework/dao/TransientDataAccessException.java wave15b
2026-08-09T17:10:09Z DONE spring-tx/src/main/java/org/springframework/dao/TransientDataAccessResourceException.java wave15b
2026-08-09T17:10:09Z DONE spring-tx/src/main/java/org/springframework/dao/TypeMismatchDataAccessException.java wave15b
2026-08-09T17:10:09Z DONE spring-tx/src/main/java/org/springframework/dao/UncategorizedDataAccessException.java wave15b
2026-08-09T17:10:09Z DONE spring-tx/src/main/java/org/springframework/dao/annotation/PersistenceExceptionTranslationAdvisor.java wave15b
2026-08-09T17:10:09Z DONE spring-tx/src/main/java/org/springframework/dao/annotation/PersistenceExceptionTranslationPostProcessor.java wave15b
2026-08-09T17:10:09Z DONE spring-tx/src/main/java/org/springframework/dao/support/ChainedPersistenceExceptionTranslator.java wave15b
2026-08-09T17:10:09Z DONE spring-tx/src/main/java/org/springframework/dao/support/DaoSupport.java wave15b
2026-08-09T17:10:09Z DONE spring-tx/src/main/java/org/springframework/dao/support/DataAccessUtils.java wave15b
2026-08-09T17:10:09Z DONE spring-tx/src/main/java/org/springframework/dao/support/PersistenceExceptionTranslationInterceptor.java wave15b
2026-08-09T17:10:09Z DONE spring-tx/src/main/java/org/springframework/dao/support/PersistenceExceptionTranslator.java wave15b
2026-08-09T17:10:09Z DONE spring-tx/src/main/java/org/springframework/jca/endpoint/AbstractMessageEndpointFactory.java wave15b
2026-08-09T17:10:09Z DONE spring-tx/src/main/java/org/springframework/jca/endpoint/GenericMessageEndpointFactory.java wave15b
2026-08-09T17:10:09Z DONE spring-tx/src/main/java/org/springframework/jca/endpoint/GenericMessageEndpointManager.java wave15b
2026-08-09T17:10:09Z DONE spring-tx/src/main/java/org/springframework/jca/support/LocalConnectionFactoryBean.java wave15b
2026-08-09T17:10:09Z DONE spring-tx/src/main/java/org/springframework/jca/support/ResourceAdapterFactoryBean.java wave15b
2026-08-09T17:16:49Z DONE spring-tx/src/main/java/org/springframework/transaction/TransactionSuspensionNotSupportedException.java wave16b
2026-08-09T17:16:49Z DONE spring-tx/src/main/java/org/springframework/transaction/TransactionSystemException.java wave16b
2026-08-09T17:16:49Z DONE spring-tx/src/main/java/org/springframework/transaction/TransactionTimedOutException.java wave16b
2026-08-09T17:16:49Z DONE spring-tx/src/main/java/org/springframework/transaction/TransactionUsageException.java wave16b
2026-08-09T17:16:49Z DONE spring-tx/src/main/java/org/springframework/transaction/UnexpectedRollbackException.java wave16b
2026-08-09T17:16:49Z DONE spring-tx/src/main/java/org/springframework/transaction/annotation/AbstractTransactionManagementConfiguration.java wave16b
2026-08-09T17:16:49Z DONE spring-tx/src/main/java/org/springframework/transaction/annotation/AnnotationTransactionAttributeSource.java wave16b
2026-08-09T17:16:49Z DONE spring-tx/src/main/java/org/springframework/transaction/annotation/Ejb3TransactionAnnotationParser.java wave16b
2026-08-09T17:16:49Z DONE spring-tx/src/main/java/org/springframework/transaction/annotation/EnableTransactionManagement.java wave16b
2026-08-09T17:16:49Z DONE spring-tx/src/main/java/org/springframework/transaction/annotation/Isolation.java wave16b
2026-08-09T17:16:49Z DONE spring-tx/src/main/java/org/springframework/transaction/annotation/JtaTransactionAnnotationParser.java wave16b
2026-08-09T17:16:49Z DONE spring-tx/src/main/java/org/springframework/transaction/annotation/Propagation.java wave16b
2026-08-09T17:16:49Z DONE spring-tx/src/main/java/org/springframework/transaction/annotation/ProxyTransactionManagementConfiguration.java wave16b
2026-08-09T17:16:49Z DONE spring-tx/src/main/java/org/springframework/transaction/annotation/RestrictedTransactionalEventListenerFactory.java wave16b
2026-08-09T17:16:49Z DONE spring-tx/src/main/java/org/springframework/transaction/annotation/RollbackOn.java wave16b
2026-08-09T17:16:49Z DONE spring-tx/src/main/java/org/springframework/transaction/annotation/SpringTransactionAnnotationParser.java wave16b
2026-08-09T17:16:49Z DONE spring-tx/src/main/java/org/springframework/transaction/annotation/TransactionAnnotationParser.java wave16b
2026-08-09T17:16:49Z DONE spring-tx/src/main/java/org/springframework/transaction/annotation/TransactionBeanRegistrationAotProcessor.java wave16b
2026-08-09T17:16:49Z DONE spring-tx/src/main/java/org/springframework/transaction/annotation/TransactionManagementConfigurationSelector.java wave16b
2026-08-09T17:16:49Z DONE spring-tx/src/main/java/org/springframework/transaction/annotation/TransactionManagementConfigurer.java wave16b
2026-08-09T17:16:58Z DONE spring-tx/src/main/java/org/springframework/jca/support/SimpleBootstrapContext.java wave16a
2026-08-09T17:16:58Z DONE spring-tx/src/main/java/org/springframework/transaction/CannotCreateTransactionException.java wave16a
2026-08-09T17:16:58Z DONE spring-tx/src/main/java/org/springframework/transaction/ConfigurableTransactionManager.java wave16a
2026-08-09T17:16:58Z DONE spring-tx/src/main/java/org/springframework/transaction/HeuristicCompletionException.java wave16a
2026-08-09T17:16:58Z DONE spring-tx/src/main/java/org/springframework/transaction/IllegalTransactionStateException.java wave16a
2026-08-09T17:16:58Z DONE spring-tx/src/main/java/org/springframework/transaction/InvalidIsolationLevelException.java wave16a
2026-08-09T17:16:58Z DONE spring-tx/src/main/java/org/springframework/transaction/InvalidTimeoutException.java wave16a
2026-08-09T17:16:58Z DONE spring-tx/src/main/java/org/springframework/transaction/NestedTransactionNotSupportedException.java wave16a
2026-08-09T17:16:58Z DONE spring-tx/src/main/java/org/springframework/transaction/NoTransactionException.java wave16a
2026-08-09T17:16:58Z DONE spring-tx/src/main/java/org/springframework/transaction/PlatformTransactionManager.java wave16a
2026-08-09T17:16:58Z DONE spring-tx/src/main/java/org/springframework/transaction/ReactiveTransaction.java wave16a
2026-08-09T17:16:58Z DONE spring-tx/src/main/java/org/springframework/transaction/ReactiveTransactionManager.java wave16a
2026-08-09T17:16:58Z DONE spring-tx/src/main/java/org/springframework/transaction/SavepointManager.java wave16a
2026-08-09T17:16:58Z DONE spring-tx/src/main/java/org/springframework/transaction/StaticTransactionDefinition.java wave16a
2026-08-09T17:16:58Z DONE spring-tx/src/main/java/org/springframework/transaction/TransactionDefinition.java wave16a
2026-08-09T17:16:58Z DONE spring-tx/src/main/java/org/springframework/transaction/TransactionException.java wave16a
2026-08-09T17:16:58Z DONE spring-tx/src/main/java/org/springframework/transaction/TransactionExecution.java wave16a
2026-08-09T17:16:58Z DONE spring-tx/src/main/java/org/springframework/transaction/TransactionExecutionListener.java wave16a
2026-08-09T17:16:58Z DONE spring-tx/src/main/java/org/springframework/transaction/TransactionManager.java wave16a
2026-08-09T17:16:58Z DONE spring-tx/src/main/java/org/springframework/transaction/TransactionStatus.java wave16a
2026-08-09T17:17:39Z DONE spring-tx/src/main/java/org/springframework/transaction/TransactionSuspensionNotSupportedException.java wave16b
2026-08-09T17:17:39Z DONE spring-tx/src/main/java/org/springframework/transaction/TransactionSystemException.java wave16b
2026-08-09T17:17:39Z DONE spring-tx/src/main/java/org/springframework/transaction/TransactionTimedOutException.java wave16b
2026-08-09T17:17:39Z DONE spring-tx/src/main/java/org/springframework/transaction/TransactionUsageException.java wave16b
2026-08-09T17:17:39Z DONE spring-tx/src/main/java/org/springframework/transaction/UnexpectedRollbackException.java wave16b
2026-08-09T17:17:39Z DONE spring-tx/src/main/java/org/springframework/transaction/annotation/AbstractTransactionManagementConfiguration.java wave16b
2026-08-09T17:17:39Z DONE spring-tx/src/main/java/org/springframework/transaction/annotation/AnnotationTransactionAttributeSource.java wave16b
2026-08-09T17:17:39Z DONE spring-tx/src/main/java/org/springframework/transaction/annotation/Ejb3TransactionAnnotationParser.java wave16b
2026-08-09T17:17:39Z DONE spring-tx/src/main/java/org/springframework/transaction/annotation/EnableTransactionManagement.java wave16b
2026-08-09T17:17:39Z DONE spring-tx/src/main/java/org/springframework/transaction/annotation/Isolation.java wave16b
2026-08-09T17:17:39Z DONE spring-tx/src/main/java/org/springframework/transaction/annotation/JtaTransactionAnnotationParser.java wave16b
2026-08-09T17:17:39Z DONE spring-tx/src/main/java/org/springframework/transaction/annotation/Propagation.java wave16b
2026-08-09T17:17:39Z DONE spring-tx/src/main/java/org/springframework/transaction/annotation/ProxyTransactionManagementConfiguration.java wave16b
2026-08-09T17:17:39Z DONE spring-tx/src/main/java/org/springframework/transaction/annotation/RestrictedTransactionalEventListenerFactory.java wave16b
2026-08-09T17:17:39Z DONE spring-tx/src/main/java/org/springframework/transaction/annotation/RollbackOn.java wave16b
2026-08-09T17:17:39Z DONE spring-tx/src/main/java/org/springframework/transaction/annotation/SpringTransactionAnnotationParser.java wave16b
2026-08-09T17:17:39Z DONE spring-tx/src/main/java/org/springframework/transaction/annotation/TransactionAnnotationParser.java wave16b
2026-08-09T17:17:39Z DONE spring-tx/src/main/java/org/springframework/transaction/annotation/TransactionBeanRegistrationAotProcessor.java wave16b
2026-08-09T17:17:39Z DONE spring-tx/src/main/java/org/springframework/transaction/annotation/TransactionManagementConfigurationSelector.java wave16b
2026-08-09T17:17:39Z DONE spring-tx/src/main/java/org/springframework/transaction/annotation/TransactionManagementConfigurer.java wave16b
2026-08-09T17:18:21Z DONE spring-tx/src/main/java/org/springframework/transaction/TransactionSuspensionNotSupportedException.java wave16b
2026-08-09T17:18:21Z DONE spring-tx/src/main/java/org/springframework/transaction/TransactionSystemException.java wave16b
2026-08-09T17:18:21Z DONE spring-tx/src/main/java/org/springframework/transaction/TransactionTimedOutException.java wave16b
2026-08-09T17:18:21Z DONE spring-tx/src/main/java/org/springframework/transaction/TransactionUsageException.java wave16b
2026-08-09T17:18:21Z DONE spring-tx/src/main/java/org/springframework/transaction/UnexpectedRollbackException.java wave16b
2026-08-09T17:18:21Z DONE spring-tx/src/main/java/org/springframework/transaction/annotation/AbstractTransactionManagementConfiguration.java wave16b
2026-08-09T17:18:21Z DONE spring-tx/src/main/java/org/springframework/transaction/annotation/AnnotationTransactionAttributeSource.java wave16b
2026-08-09T17:18:21Z DONE spring-tx/src/main/java/org/springframework/transaction/annotation/Ejb3TransactionAnnotationParser.java wave16b
2026-08-09T17:18:21Z DONE spring-tx/src/main/java/org/springframework/transaction/annotation/EnableTransactionManagement.java wave16b
2026-08-09T17:18:21Z DONE spring-tx/src/main/java/org/springframework/transaction/annotation/Isolation.java wave16b
2026-08-09T17:18:21Z DONE spring-tx/src/main/java/org/springframework/transaction/annotation/JtaTransactionAnnotationParser.java wave16b
2026-08-09T17:18:21Z DONE spring-tx/src/main/java/org/springframework/transaction/annotation/Propagation.java wave16b
2026-08-09T17:18:21Z DONE spring-tx/src/main/java/org/springframework/transaction/annotation/ProxyTransactionManagementConfiguration.java wave16b
2026-08-09T17:18:21Z DONE spring-tx/src/main/java/org/springframework/transaction/annotation/RestrictedTransactionalEventListenerFactory.java wave16b
2026-08-09T17:18:21Z DONE spring-tx/src/main/java/org/springframework/transaction/annotation/RollbackOn.java wave16b
2026-08-09T17:18:21Z DONE spring-tx/src/main/java/org/springframework/transaction/annotation/SpringTransactionAnnotationParser.java wave16b
2026-08-09T17:18:21Z DONE spring-tx/src/main/java/org/springframework/transaction/annotation/TransactionAnnotationParser.java wave16b
2026-08-09T17:18:21Z DONE spring-tx/src/main/java/org/springframework/transaction/annotation/TransactionBeanRegistrationAotProcessor.java wave16b
2026-08-09T17:18:21Z DONE spring-tx/src/main/java/org/springframework/transaction/annotation/TransactionManagementConfigurationSelector.java wave16b
2026-08-09T17:18:21Z DONE spring-tx/src/main/java/org/springframework/transaction/annotation/TransactionManagementConfigurer.java wave16b
2026-08-09T17:23:06Z DONE spring-tx/src/main/java/org/springframework/jca/support/SimpleBootstrapContext.java wave16a
2026-08-09T17:23:06Z DONE spring-tx/src/main/java/org/springframework/transaction/CannotCreateTransactionException.java wave16a
2026-08-09T17:23:06Z DONE spring-tx/src/main/java/org/springframework/transaction/ConfigurableTransactionManager.java wave16a
2026-08-09T17:23:06Z DONE spring-tx/src/main/java/org/springframework/transaction/HeuristicCompletionException.java wave16a
2026-08-09T17:23:06Z DONE spring-tx/src/main/java/org/springframework/transaction/IllegalTransactionStateException.java wave16a
2026-08-09T17:23:06Z DONE spring-tx/src/main/java/org/springframework/transaction/InvalidIsolationLevelException.java wave16a
2026-08-09T17:23:06Z DONE spring-tx/src/main/java/org/springframework/transaction/InvalidTimeoutException.java wave16a
2026-08-09T17:23:06Z DONE spring-tx/src/main/java/org/springframework/transaction/NestedTransactionNotSupportedException.java wave16a
2026-08-09T17:23:06Z DONE spring-tx/src/main/java/org/springframework/transaction/NoTransactionException.java wave16a
2026-08-09T17:23:06Z DONE spring-tx/src/main/java/org/springframework/transaction/PlatformTransactionManager.java wave16a
2026-08-09T17:23:06Z DONE spring-tx/src/main/java/org/springframework/transaction/ReactiveTransaction.java wave16a
2026-08-09T17:23:06Z DONE spring-tx/src/main/java/org/springframework/transaction/ReactiveTransactionManager.java wave16a
2026-08-09T17:23:06Z DONE spring-tx/src/main/java/org/springframework/transaction/SavepointManager.java wave16a
2026-08-09T17:23:06Z DONE spring-tx/src/main/java/org/springframework/transaction/StaticTransactionDefinition.java wave16a
2026-08-09T17:23:06Z DONE spring-tx/src/main/java/org/springframework/transaction/TransactionDefinition.java wave16a
2026-08-09T17:23:06Z DONE spring-tx/src/main/java/org/springframework/transaction/TransactionException.java wave16a
2026-08-09T17:23:06Z DONE spring-tx/src/main/java/org/springframework/transaction/TransactionExecution.java wave16a
2026-08-09T17:23:06Z DONE spring-tx/src/main/java/org/springframework/transaction/TransactionExecutionListener.java wave16a
2026-08-09T17:23:06Z DONE spring-tx/src/main/java/org/springframework/transaction/TransactionManager.java wave16a
2026-08-09T17:23:06Z DONE spring-tx/src/main/java/org/springframework/transaction/TransactionStatus.java wave16a
2026-08-09T17:23:22Z DONE spring-tx/src/main/java/org/springframework/jca/support/SimpleBootstrapContext.java wave16a jca/transaction-core [0:20]
2026-08-09T17:23:22Z DONE spring-tx/src/main/java/org/springframework/transaction/CannotCreateTransactionException.java wave16a jca/transaction-core [0:20]
2026-08-09T17:23:22Z DONE spring-tx/src/main/java/org/springframework/transaction/ConfigurableTransactionManager.java wave16a jca/transaction-core [0:20]
2026-08-09T17:23:22Z DONE spring-tx/src/main/java/org/springframework/transaction/HeuristicCompletionException.java wave16a jca/transaction-core [0:20]
2026-08-09T17:23:22Z DONE spring-tx/src/main/java/org/springframework/transaction/IllegalTransactionStateException.java wave16a jca/transaction-core [0:20]
2026-08-09T17:23:22Z DONE spring-tx/src/main/java/org/springframework/transaction/InvalidIsolationLevelException.java wave16a jca/transaction-core [0:20]
2026-08-09T17:23:22Z DONE spring-tx/src/main/java/org/springframework/transaction/InvalidTimeoutException.java wave16a jca/transaction-core [0:20]
2026-08-09T17:23:22Z DONE spring-tx/src/main/java/org/springframework/transaction/NestedTransactionNotSupportedException.java wave16a jca/transaction-core [0:20]
2026-08-09T17:23:22Z DONE spring-tx/src/main/java/org/springframework/transaction/NoTransactionException.java wave16a jca/transaction-core [0:20]
2026-08-09T17:23:22Z DONE spring-tx/src/main/java/org/springframework/transaction/PlatformTransactionManager.java wave16a jca/transaction-core [0:20]
2026-08-09T17:23:22Z DONE spring-tx/src/main/java/org/springframework/transaction/ReactiveTransaction.java wave16a jca/transaction-core [0:20]
2026-08-09T17:23:22Z DONE spring-tx/src/main/java/org/springframework/transaction/ReactiveTransactionManager.java wave16a jca/transaction-core [0:20]
2026-08-09T17:23:22Z DONE spring-tx/src/main/java/org/springframework/transaction/SavepointManager.java wave16a jca/transaction-core [0:20]
2026-08-09T17:23:22Z DONE spring-tx/src/main/java/org/springframework/transaction/StaticTransactionDefinition.java wave16a jca/transaction-core [0:20]
2026-08-09T17:23:22Z DONE spring-tx/src/main/java/org/springframework/transaction/TransactionDefinition.java wave16a jca/transaction-core [0:20]
2026-08-09T17:23:22Z DONE spring-tx/src/main/java/org/springframework/transaction/TransactionException.java wave16a jca/transaction-core [0:20]
2026-08-09T17:23:22Z DONE spring-tx/src/main/java/org/springframework/transaction/TransactionExecution.java wave16a jca/transaction-core [0:20]
2026-08-09T17:23:22Z DONE spring-tx/src/main/java/org/springframework/transaction/TransactionExecutionListener.java wave16a jca/transaction-core [0:20]
2026-08-09T17:23:22Z DONE spring-tx/src/main/java/org/springframework/transaction/TransactionManager.java wave16a jca/transaction-core [0:20]
2026-08-09T17:23:22Z DONE spring-tx/src/main/java/org/springframework/transaction/TransactionStatus.java wave16a jca/transaction-core [0:20]
2026-08-09T17:27:15Z DONE spring-tx/src/main/java/org/springframework/jca/support/SimpleBootstrapContext.java wave16a jca/transaction-core [0:20] restore
2026-08-09T17:27:15Z DONE spring-tx/src/main/java/org/springframework/transaction/CannotCreateTransactionException.java wave16a jca/transaction-core [0:20] restore
2026-08-09T17:27:15Z DONE spring-tx/src/main/java/org/springframework/transaction/ConfigurableTransactionManager.java wave16a jca/transaction-core [0:20] restore
2026-08-09T17:27:15Z DONE spring-tx/src/main/java/org/springframework/transaction/HeuristicCompletionException.java wave16a jca/transaction-core [0:20] restore
2026-08-09T17:27:15Z DONE spring-tx/src/main/java/org/springframework/transaction/IllegalTransactionStateException.java wave16a jca/transaction-core [0:20] restore
2026-08-09T17:27:15Z DONE spring-tx/src/main/java/org/springframework/transaction/InvalidIsolationLevelException.java wave16a jca/transaction-core [0:20] restore
2026-08-09T17:27:15Z DONE spring-tx/src/main/java/org/springframework/transaction/InvalidTimeoutException.java wave16a jca/transaction-core [0:20] restore
2026-08-09T17:27:15Z DONE spring-tx/src/main/java/org/springframework/transaction/NestedTransactionNotSupportedException.java wave16a jca/transaction-core [0:20] restore
2026-08-09T17:27:15Z DONE spring-tx/src/main/java/org/springframework/transaction/NoTransactionException.java wave16a jca/transaction-core [0:20] restore
2026-08-09T17:27:15Z DONE spring-tx/src/main/java/org/springframework/transaction/PlatformTransactionManager.java wave16a jca/transaction-core [0:20] restore
2026-08-09T17:27:15Z DONE spring-tx/src/main/java/org/springframework/transaction/ReactiveTransaction.java wave16a jca/transaction-core [0:20] restore
2026-08-09T17:27:15Z DONE spring-tx/src/main/java/org/springframework/transaction/ReactiveTransactionManager.java wave16a jca/transaction-core [0:20] restore
2026-08-09T17:27:15Z DONE spring-tx/src/main/java/org/springframework/transaction/SavepointManager.java wave16a jca/transaction-core [0:20] restore
2026-08-09T17:27:15Z DONE spring-tx/src/main/java/org/springframework/transaction/StaticTransactionDefinition.java wave16a jca/transaction-core [0:20] restore
2026-08-09T17:27:15Z DONE spring-tx/src/main/java/org/springframework/transaction/TransactionDefinition.java wave16a jca/transaction-core [0:20] restore
2026-08-09T17:27:15Z DONE spring-tx/src/main/java/org/springframework/transaction/TransactionException.java wave16a jca/transaction-core [0:20] restore
2026-08-09T17:27:15Z DONE spring-tx/src/main/java/org/springframework/transaction/TransactionExecution.java wave16a jca/transaction-core [0:20] restore
2026-08-09T17:27:15Z DONE spring-tx/src/main/java/org/springframework/transaction/TransactionExecutionListener.java wave16a jca/transaction-core [0:20] restore
2026-08-09T17:27:15Z DONE spring-tx/src/main/java/org/springframework/transaction/TransactionManager.java wave16a jca/transaction-core [0:20] restore
2026-08-09T17:27:15Z DONE spring-tx/src/main/java/org/springframework/transaction/TransactionStatus.java wave16a jca/transaction-core [0:20] restore
2026-08-09T17:29:09Z DONE spring-tx/src/main/java/org/springframework/transaction/annotation/TransactionRuntimeHints.java wave17a tx-annotation/config/event/interceptor [0:20]
2026-08-09T17:29:09Z DONE spring-tx/src/main/java/org/springframework/transaction/annotation/Transactional.java wave17a tx-annotation/config/event/interceptor [0:20]
2026-08-09T17:29:09Z DONE spring-tx/src/main/java/org/springframework/transaction/config/AnnotationDrivenBeanDefinitionParser.java wave17a tx-annotation/config/event/interceptor [0:20]
2026-08-09T17:29:09Z DONE spring-tx/src/main/java/org/springframework/transaction/config/JtaTransactionManagerBeanDefinitionParser.java wave17a tx-annotation/config/event/interceptor [0:20]
2026-08-09T17:29:09Z DONE spring-tx/src/main/java/org/springframework/transaction/config/JtaTransactionManagerFactoryBean.java wave17a tx-annotation/config/event/interceptor [0:20]
2026-08-09T17:29:09Z DONE spring-tx/src/main/java/org/springframework/transaction/config/TransactionManagementConfigUtils.java wave17a tx-annotation/config/event/interceptor [0:20]
2026-08-09T17:29:09Z DONE spring-tx/src/main/java/org/springframework/transaction/config/TxAdviceBeanDefinitionParser.java wave17a tx-annotation/config/event/interceptor [0:20]
2026-08-09T17:29:09Z DONE spring-tx/src/main/java/org/springframework/transaction/config/TxNamespaceHandler.java wave17a tx-annotation/config/event/interceptor [0:20]
2026-08-09T17:29:09Z DONE spring-tx/src/main/java/org/springframework/transaction/event/TransactionPhase.java wave17a tx-annotation/config/event/interceptor [0:20]
2026-08-09T17:29:09Z DONE spring-tx/src/main/java/org/springframework/transaction/event/TransactionalApplicationListener.java wave17a tx-annotation/config/event/interceptor [0:20]
2026-08-09T17:29:09Z DONE spring-tx/src/main/java/org/springframework/transaction/event/TransactionalApplicationListenerAdapter.java wave17a tx-annotation/config/event/interceptor [0:20]
2026-08-09T17:29:09Z DONE spring-tx/src/main/java/org/springframework/transaction/event/TransactionalApplicationListenerMethodAdapter.java wave17a tx-annotation/config/event/interceptor [0:20]
2026-08-09T17:29:09Z DONE spring-tx/src/main/java/org/springframework/transaction/event/TransactionalApplicationListenerSynchronization.java wave17a tx-annotation/config/event/interceptor [0:20]
2026-08-09T17:29:09Z DONE spring-tx/src/main/java/org/springframework/transaction/event/TransactionalEventListener.java wave17a tx-annotation/config/event/interceptor [0:20]
2026-08-09T17:29:09Z DONE spring-tx/src/main/java/org/springframework/transaction/event/TransactionalEventListenerFactory.java wave17a tx-annotation/config/event/interceptor [0:20]
2026-08-09T17:29:09Z DONE spring-tx/src/main/java/org/springframework/transaction/interceptor/AbstractFallbackTransactionAttributeSource.java wave17a tx-annotation/config/event/interceptor [0:20]
2026-08-09T17:29:09Z DONE spring-tx/src/main/java/org/springframework/transaction/interceptor/BeanFactoryTransactionAttributeSourceAdvisor.java wave17a tx-annotation/config/event/interceptor [0:20]
2026-08-09T17:29:09Z DONE spring-tx/src/main/java/org/springframework/transaction/interceptor/CompositeTransactionAttributeSource.java wave17a tx-annotation/config/event/interceptor [0:20]
2026-08-09T17:29:09Z DONE spring-tx/src/main/java/org/springframework/transaction/interceptor/DefaultTransactionAttribute.java wave17a tx-annotation/config/event/interceptor [0:20]
2026-08-09T17:29:09Z DONE spring-tx/src/main/java/org/springframework/transaction/interceptor/DelegatingTransactionAttribute.java wave17a tx-annotation/config/event/interceptor [0:20]
2026-08-09T17:29:50Z DONE spring-tx/src/main/java/org/springframework/transaction/interceptor/MatchAlwaysTransactionAttributeSource.java wave17b interceptor/jta [20:40]
2026-08-09T17:29:50Z DONE spring-tx/src/main/java/org/springframework/transaction/interceptor/MethodMapTransactionAttributeSource.java wave17b interceptor/jta [20:40]
2026-08-09T17:29:50Z DONE spring-tx/src/main/java/org/springframework/transaction/interceptor/MethodRollbackEvent.java wave17b interceptor/jta [20:40]
2026-08-09T17:29:50Z DONE spring-tx/src/main/java/org/springframework/transaction/interceptor/NameMatchTransactionAttributeSource.java wave17b interceptor/jta [20:40]
2026-08-09T17:29:50Z DONE spring-tx/src/main/java/org/springframework/transaction/interceptor/NoRollbackRuleAttribute.java wave17b interceptor/jta [20:40]
2026-08-09T17:29:50Z DONE spring-tx/src/main/java/org/springframework/transaction/interceptor/RollbackRuleAttribute.java wave17b interceptor/jta [20:40]
2026-08-09T17:29:50Z DONE spring-tx/src/main/java/org/springframework/transaction/interceptor/RuleBasedTransactionAttribute.java wave17b interceptor/jta [20:40]
2026-08-09T17:29:50Z DONE spring-tx/src/main/java/org/springframework/transaction/interceptor/TransactionAttribute.java wave17b interceptor/jta [20:40]
2026-08-09T17:29:50Z DONE spring-tx/src/main/java/org/springframework/transaction/interceptor/TransactionAttributeEditor.java wave17b interceptor/jta [20:40]
2026-08-09T17:29:50Z DONE spring-tx/src/main/java/org/springframework/transaction/interceptor/TransactionAttributeSource.java wave17b interceptor/jta [20:40]
2026-08-09T17:29:50Z DONE spring-tx/src/main/java/org/springframework/transaction/interceptor/TransactionAttributeSourceAdvisor.java wave17b interceptor/jta [20:40]
2026-08-09T17:29:50Z DONE spring-tx/src/main/java/org/springframework/transaction/interceptor/TransactionAttributeSourceEditor.java wave17b interceptor/jta [20:40]
2026-08-09T17:29:50Z DONE spring-tx/src/main/java/org/springframework/transaction/interceptor/TransactionAttributeSourcePointcut.java wave17b interceptor/jta [20:40]
2026-08-09T17:29:50Z DONE spring-tx/src/main/java/org/springframework/transaction/interceptor/TransactionInterceptor.java wave17b interceptor/jta [20:40]
2026-08-09T17:29:50Z DONE spring-tx/src/main/java/org/springframework/transaction/interceptor/TransactionProxyFactoryBean.java wave17b interceptor/jta [20:40]
2026-08-09T17:29:50Z DONE spring-tx/src/main/java/org/springframework/transaction/interceptor/TransactionalProxy.java wave17b interceptor/jta [20:40]
2026-08-09T17:29:50Z DONE spring-tx/src/main/java/org/springframework/transaction/jta/JtaAfterCompletionSynchronization.java wave17b interceptor/jta [20:40]
2026-08-09T17:29:50Z DONE spring-tx/src/main/java/org/springframework/transaction/jta/JtaTransactionObject.java wave17b interceptor/jta [20:40]
2026-08-09T17:29:50Z DONE spring-tx/src/main/java/org/springframework/transaction/jta/ManagedTransactionAdapter.java wave17b interceptor/jta [20:40]
2026-08-09T17:29:50Z DONE spring-tx/src/main/java/org/springframework/transaction/jta/SimpleTransactionFactory.java wave17b interceptor/jta [20:40]
