2026-08-09T18:21:08Z DONE auth/src/main/java/org/apache/rocketmq/auth/authentication/AuthenticationEvaluator.java wave1a [0:15]
2026-08-09T18:21:08Z DONE auth/src/main/java/org/apache/rocketmq/auth/authentication/builder/AuthenticationContextBuilder.java wave1a [0:15]
2026-08-09T18:21:08Z DONE auth/src/main/java/org/apache/rocketmq/auth/authentication/builder/DefaultAuthenticationContextBuilder.java wave1a [0:15]
2026-08-09T18:21:08Z DONE auth/src/main/java/org/apache/rocketmq/auth/authentication/chain/DefaultAuthenticationHandler.java wave1a [0:15]
2026-08-09T18:21:08Z DONE auth/src/main/java/org/apache/rocketmq/auth/authentication/context/AuthenticationContext.java wave1a [0:15]
2026-08-09T18:21:08Z DONE auth/src/main/java/org/apache/rocketmq/auth/authentication/context/DefaultAuthenticationContext.java wave1a [0:15]
2026-08-09T18:21:08Z DONE auth/src/main/java/org/apache/rocketmq/auth/authentication/enums/SubjectType.java wave1a [0:15]
2026-08-09T18:21:08Z DONE auth/src/main/java/org/apache/rocketmq/auth/authentication/enums/UserStatus.java wave1a [0:15]
2026-08-09T18:21:08Z DONE auth/src/main/java/org/apache/rocketmq/auth/authentication/enums/UserType.java wave1a [0:15]
2026-08-09T18:21:08Z DONE auth/src/main/java/org/apache/rocketmq/auth/authentication/exception/AuthenticationException.java wave1a [0:15]
2026-08-09T18:21:08Z DONE auth/src/main/java/org/apache/rocketmq/auth/authentication/factory/AuthenticationFactory.java wave1a [0:15]
2026-08-09T18:21:08Z DONE auth/src/main/java/org/apache/rocketmq/auth/authentication/manager/AuthenticationMetadataManager.java wave1a [0:15]
2026-08-09T18:21:08Z DONE auth/src/main/java/org/apache/rocketmq/auth/authentication/manager/AuthenticationMetadataManagerImpl.java wave1a [0:15]
2026-08-09T18:21:08Z DONE auth/src/main/java/org/apache/rocketmq/auth/authentication/model/Subject.java wave1a [0:15]
2026-08-09T18:21:08Z DONE auth/src/main/java/org/apache/rocketmq/auth/authentication/model/User.java wave1a [0:15]
2026-08-09T18:21:28Z DONE auth/src/main/java/org/apache/rocketmq/auth/authentication/provider/AuthenticationMetadataProvider.java wave1b [15:30]
2026-08-09T18:21:28Z DONE auth/src/main/java/org/apache/rocketmq/auth/authentication/provider/AuthenticationProvider.java wave1b [15:30]
2026-08-09T18:21:28Z DONE auth/src/main/java/org/apache/rocketmq/auth/authentication/provider/DefaultAuthenticationProvider.java wave1b [15:30]
2026-08-09T18:21:28Z DONE auth/src/main/java/org/apache/rocketmq/auth/authentication/provider/LocalAuthenticationMetadataProvider.java wave1b [15:30]
2026-08-09T18:21:28Z DONE auth/src/main/java/org/apache/rocketmq/auth/authentication/strategy/AbstractAuthenticationStrategy.java wave1b [15:30]
2026-08-09T18:21:28Z DONE auth/src/main/java/org/apache/rocketmq/auth/authentication/strategy/AuthenticationStrategy.java wave1b [15:30]
2026-08-09T18:21:28Z DONE auth/src/main/java/org/apache/rocketmq/auth/authentication/strategy/StatefulAuthenticationStrategy.java wave1b [15:30]
2026-08-09T18:21:28Z DONE auth/src/main/java/org/apache/rocketmq/auth/authentication/strategy/StatelessAuthenticationStrategy.java wave1b [15:30]
2026-08-09T18:21:28Z DONE auth/src/main/java/org/apache/rocketmq/auth/authorization/AuthorizationEvaluator.java wave1b [15:30]
2026-08-09T18:21:28Z DONE auth/src/main/java/org/apache/rocketmq/auth/authorization/builder/AuthorizationContextBuilder.java wave1b [15:30]
2026-08-09T18:21:28Z DONE auth/src/main/java/org/apache/rocketmq/auth/authorization/chain/AclAuthorizationHandler.java wave1b [15:30]
2026-08-09T18:21:28Z DONE auth/src/main/java/org/apache/rocketmq/auth/authorization/chain/UserAuthorizationHandler.java wave1b [15:30]
2026-08-09T18:21:28Z DONE auth/src/main/java/org/apache/rocketmq/auth/authorization/context/AuthorizationContext.java wave1b [15:30]
2026-08-09T18:21:28Z DONE auth/src/main/java/org/apache/rocketmq/auth/authorization/context/DefaultAuthorizationContext.java wave1b [15:30]
2026-08-09T18:21:28Z DONE auth/src/main/java/org/apache/rocketmq/auth/authorization/enums/Decision.java wave1b [15:30]
