2026-08-09T23:03:56Z DONE buffer/src/main/java/io/netty/buffer/AbstractAllocatorEvent.java wave1a [0:15]
2026-08-09T23:03:56Z DONE buffer/src/main/java/io/netty/buffer/AbstractBufferEvent.java wave1a [0:15]
2026-08-09T23:03:56Z DONE buffer/src/main/java/io/netty/buffer/AbstractByteBuf.java wave1a [0:15]
2026-08-09T23:03:56Z DONE buffer/src/main/java/io/netty/buffer/AbstractByteBufAllocator.java wave1a [0:15]
2026-08-09T23:03:56Z DONE buffer/src/main/java/io/netty/buffer/AbstractChunkEvent.java wave1a [0:15]
2026-08-09T23:03:56Z DONE buffer/src/main/java/io/netty/buffer/AbstractDerivedByteBuf.java wave1a [0:15]
2026-08-09T23:03:56Z DONE buffer/src/main/java/io/netty/buffer/AbstractPooledDerivedByteBuf.java wave1a [0:15]
2026-08-09T23:03:56Z DONE buffer/src/main/java/io/netty/buffer/AbstractReferenceCountedByteBuf.java wave1a [0:15]
2026-08-09T23:03:56Z DONE buffer/src/main/java/io/netty/buffer/AbstractUnpooledSlicedByteBuf.java wave1a [0:15]
2026-08-09T23:03:56Z DONE buffer/src/main/java/io/netty/buffer/AbstractUnsafeSwappedByteBuf.java wave1a [0:15]
2026-08-09T23:03:56Z DONE buffer/src/main/java/io/netty/buffer/AdaptiveByteBufAllocator.java wave1a [0:15]
2026-08-09T23:03:56Z DONE buffer/src/main/java/io/netty/buffer/AdaptivePoolingAllocator.java wave1a [0:15]
2026-08-09T23:03:56Z DONE buffer/src/main/java/io/netty/buffer/AdvancedLeakAwareByteBuf.java wave1a [0:15]
2026-08-09T23:03:56Z DONE buffer/src/main/java/io/netty/buffer/AdvancedLeakAwareCompositeByteBuf.java wave1a [0:15]
2026-08-09T23:03:56Z DONE buffer/src/main/java/io/netty/buffer/AllocateBufferEvent.java wave1a [0:15]
2026-08-09T23:05:09Z DONE buffer/src/main/java/io/netty/buffer/AllocateChunkEvent.java wave1b [15:30]
2026-08-09T23:05:09Z DONE buffer/src/main/java/io/netty/buffer/ByteBuf.java wave1b [15:30]
2026-08-09T23:05:09Z DONE buffer/src/main/java/io/netty/buffer/ByteBufAllocator.java wave1b [15:30]
2026-08-09T23:05:09Z DONE buffer/src/main/java/io/netty/buffer/ByteBufAllocatorMetric.java wave1b [15:30]
2026-08-09T23:05:09Z DONE buffer/src/main/java/io/netty/buffer/ByteBufAllocatorMetricProvider.java wave1b [15:30]
2026-08-09T23:05:09Z DONE buffer/src/main/java/io/netty/buffer/ByteBufConvertible.java wave1b [15:30]
2026-08-09T23:05:09Z DONE buffer/src/main/java/io/netty/buffer/ByteBufHolder.java wave1b [15:30]
2026-08-09T23:05:09Z DONE buffer/src/main/java/io/netty/buffer/ByteBufInputStream.java wave1b [15:30]
2026-08-09T23:05:09Z DONE buffer/src/main/java/io/netty/buffer/ByteBufOutputStream.java wave1b [15:30]
2026-08-09T23:05:09Z DONE buffer/src/main/java/io/netty/buffer/ByteBufProcessor.java wave1b [15:30]
2026-08-09T23:05:09Z DONE buffer/src/main/java/io/netty/buffer/ByteBufUtil.java wave1b [15:30]
2026-08-09T23:05:09Z DONE buffer/src/main/java/io/netty/buffer/ChunkInfo.java wave1b [15:30]
2026-08-09T23:05:09Z DONE buffer/src/main/java/io/netty/buffer/CompositeByteBuf.java wave1b [15:30]
2026-08-09T23:05:09Z DONE buffer/src/main/java/io/netty/buffer/DefaultByteBufHolder.java wave1b [15:30]
2026-08-09T23:05:09Z DONE buffer/src/main/java/io/netty/buffer/DuplicatedByteBuf.java wave1b [15:30]
2026-08-09T23:07:14Z DONE buffer/src/main/java/io/netty/buffer/PooledByteBuf.java wave2b [15:30]
2026-08-09T23:07:14Z DONE buffer/src/main/java/io/netty/buffer/PooledByteBufAllocator.java wave2b [15:30]
2026-08-09T23:07:14Z DONE buffer/src/main/java/io/netty/buffer/PooledByteBufAllocatorMetric.java wave2b [15:30]
2026-08-09T23:07:14Z DONE buffer/src/main/java/io/netty/buffer/PooledDirectByteBuf.java wave2b [15:30]
2026-08-09T23:07:14Z DONE buffer/src/main/java/io/netty/buffer/PooledDuplicatedByteBuf.java wave2b [15:30]
2026-08-09T23:07:14Z DONE buffer/src/main/java/io/netty/buffer/PooledHeapByteBuf.java wave2b [15:30]
2026-08-09T23:07:14Z DONE buffer/src/main/java/io/netty/buffer/PooledSlicedByteBuf.java wave2b [15:30]
2026-08-09T23:07:14Z DONE buffer/src/main/java/io/netty/buffer/PooledUnsafeDirectByteBuf.java wave2b [15:30]
2026-08-09T23:07:14Z DONE buffer/src/main/java/io/netty/buffer/PooledUnsafeHeapByteBuf.java wave2b [15:30]
2026-08-09T23:07:14Z DONE buffer/src/main/java/io/netty/buffer/ReadOnlyAbstractByteBuf.java wave2b [15:30]
2026-08-09T23:07:14Z DONE buffer/src/main/java/io/netty/buffer/ReadOnlyByteBuf.java wave2b [15:30]
2026-08-09T23:07:14Z DONE buffer/src/main/java/io/netty/buffer/ReadOnlyByteBufferBuf.java wave2b [15:30]
2026-08-09T23:07:14Z DONE buffer/src/main/java/io/netty/buffer/ReadOnlyUnsafeDirectByteBuf.java wave2b [15:30]
2026-08-09T23:07:14Z DONE buffer/src/main/java/io/netty/buffer/ReallocateBufferEvent.java wave2b [15:30]
2026-08-09T23:07:14Z DONE buffer/src/main/java/io/netty/buffer/SimpleLeakAwareByteBuf.java wave2b [15:30]
2026-08-09T23:07:22Z DONE buffer/src/main/java/io/netty/buffer/EmptyByteBuf.java wave2a [0:15]
2026-08-09T23:07:22Z DONE buffer/src/main/java/io/netty/buffer/FixedCompositeByteBuf.java wave2a [0:15]
2026-08-09T23:07:22Z DONE buffer/src/main/java/io/netty/buffer/FreeBufferEvent.java wave2a [0:15]
2026-08-09T23:07:22Z DONE buffer/src/main/java/io/netty/buffer/FreeChunkEvent.java wave2a [0:15]
2026-08-09T23:07:22Z DONE buffer/src/main/java/io/netty/buffer/HeapByteBufUtil.java wave2a [0:15]
2026-08-09T23:07:22Z DONE buffer/src/main/java/io/netty/buffer/IntPriorityQueue.java wave2a [0:15]
2026-08-09T23:07:22Z DONE buffer/src/main/java/io/netty/buffer/PoolArena.java wave2a [0:15]
2026-08-09T23:07:22Z DONE buffer/src/main/java/io/netty/buffer/PoolArenaMetric.java wave2a [0:15]
2026-08-09T23:07:22Z DONE buffer/src/main/java/io/netty/buffer/PoolChunk.java wave2a [0:15]
2026-08-09T23:07:22Z DONE buffer/src/main/java/io/netty/buffer/PoolChunkList.java wave2a [0:15]
2026-08-09T23:07:22Z DONE buffer/src/main/java/io/netty/buffer/PoolChunkListMetric.java wave2a [0:15]
2026-08-09T23:07:22Z DONE buffer/src/main/java/io/netty/buffer/PoolChunkMetric.java wave2a [0:15]
2026-08-09T23:07:22Z DONE buffer/src/main/java/io/netty/buffer/PoolSubpage.java wave2a [0:15]
2026-08-09T23:07:22Z DONE buffer/src/main/java/io/netty/buffer/PoolSubpageMetric.java wave2a [0:15]
2026-08-09T23:07:22Z DONE buffer/src/main/java/io/netty/buffer/PoolThreadCache.java wave2a [0:15]
