2026-08-11T06:10:09Z DONE lib/sqlalchemy/dialects/mssql/pymssql.py wave1b Chinese class docs
2026-08-11T06:10:09Z DONE lib/sqlalchemy/dialects/mssql/pyodbc.py wave1b Chinese class docs
2026-08-11T06:10:09Z DONE lib/sqlalchemy/dialects/mysql/__init__.py wave1b Chinese class docs
2026-08-11T06:10:09Z DONE lib/sqlalchemy/dialects/mysql/aiomysql.py wave1b Chinese class docs
2026-08-11T06:10:09Z DONE lib/sqlalchemy/dialects/mysql/asyncmy.py wave1b Chinese class docs
2026-08-11T06:10:09Z DONE lib/sqlalchemy/dialects/mysql/base.py wave1b Chinese class docs
2026-08-11T06:10:09Z DONE lib/sqlalchemy/dialects/mysql/cymysql.py wave1b Chinese class docs
2026-08-11T06:10:09Z DONE lib/sqlalchemy/dialects/mysql/dml.py wave1b Chinese class docs
2026-08-11T06:10:09Z DONE lib/sqlalchemy/dialects/mysql/enumerated.py wave1b Chinese class docs
2026-08-11T06:10:09Z DONE lib/sqlalchemy/dialects/mysql/expression.py wave1b Chinese class docs
2026-08-11T06:10:09Z DONE lib/sqlalchemy/dialects/mysql/json.py wave1b Chinese class docs
2026-08-11T06:10:09Z DONE lib/sqlalchemy/dialects/mysql/mariadb.py wave1b Chinese class docs
2026-08-11T06:10:09Z DONE lib/sqlalchemy/dialects/mysql/mariadbconnector.py wave1b Chinese class docs
2026-08-11T06:10:09Z DONE lib/sqlalchemy/dialects/mysql/mysqlconnector.py wave1b Chinese class docs
2026-08-11T06:10:09Z DONE lib/sqlalchemy/dialects/mysql/mysqldb.py wave1b Chinese class docs
2026-08-11T06:10:20Z DONE .github/workflows/scripts/can_install.py wave1a Chinese class docs
2026-08-11T06:10:20Z DONE lib/sqlalchemy/__init__.py wave1a Chinese class docs
2026-08-11T06:10:20Z DONE lib/sqlalchemy/connectors/__init__.py wave1a Chinese class docs
2026-08-11T06:10:20Z DONE lib/sqlalchemy/connectors/aioodbc.py wave1a Chinese class docs
2026-08-11T06:10:20Z DONE lib/sqlalchemy/connectors/asyncio.py wave1a Chinese class docs
2026-08-11T06:10:20Z DONE lib/sqlalchemy/connectors/pyodbc.py wave1a Chinese class docs
2026-08-11T06:10:20Z DONE lib/sqlalchemy/cyextension/__init__.py wave1a Chinese class docs
2026-08-11T06:10:20Z DONE lib/sqlalchemy/dialects/__init__.py wave1a Chinese class docs
2026-08-11T06:10:20Z DONE lib/sqlalchemy/dialects/_typing.py wave1a Chinese class docs
2026-08-11T06:10:20Z DONE lib/sqlalchemy/dialects/mssql/__init__.py wave1a Chinese class docs
2026-08-11T06:10:20Z DONE lib/sqlalchemy/dialects/mssql/aioodbc.py wave1a Chinese class docs
2026-08-11T06:10:20Z DONE lib/sqlalchemy/dialects/mssql/base.py wave1a Chinese class docs
2026-08-11T06:10:20Z DONE lib/sqlalchemy/dialects/mssql/information_schema.py wave1a Chinese class docs
2026-08-11T06:10:20Z DONE lib/sqlalchemy/dialects/mssql/json.py wave1a Chinese class docs
2026-08-11T06:10:20Z DONE lib/sqlalchemy/dialects/mssql/provision.py wave1a Chinese class docs
2026-08-11T06:13:37Z DONE lib/sqlalchemy/dialects/postgresql/_psycopg_common.py wave2b Chinese class docs
2026-08-11T06:13:37Z DONE lib/sqlalchemy/dialects/postgresql/array.py wave2b Chinese class docs
2026-08-11T06:13:37Z DONE lib/sqlalchemy/dialects/postgresql/asyncpg.py wave2b Chinese class docs
2026-08-11T06:13:37Z DONE lib/sqlalchemy/dialects/postgresql/base.py wave2b Chinese class docs
2026-08-11T06:13:37Z DONE lib/sqlalchemy/dialects/postgresql/dml.py wave2b Chinese class docs
2026-08-11T06:13:37Z DONE lib/sqlalchemy/dialects/postgresql/ext.py wave2b Chinese class docs
2026-08-11T06:13:37Z DONE lib/sqlalchemy/dialects/postgresql/hstore.py wave2b Chinese class docs
2026-08-11T06:13:37Z DONE lib/sqlalchemy/dialects/postgresql/json.py wave2b Chinese class docs
2026-08-11T06:13:37Z DONE lib/sqlalchemy/dialects/postgresql/named_types.py wave2b Chinese class docs
2026-08-11T06:13:37Z DONE lib/sqlalchemy/dialects/postgresql/operators.py wave2b Chinese class docs
2026-08-11T06:13:37Z DONE lib/sqlalchemy/dialects/postgresql/pg8000.py wave2b Chinese class docs
2026-08-11T06:13:37Z DONE lib/sqlalchemy/dialects/postgresql/pg_catalog.py wave2b Chinese class docs
2026-08-11T06:13:37Z DONE lib/sqlalchemy/dialects/postgresql/provision.py wave2b Chinese class docs
2026-08-11T06:13:37Z DONE lib/sqlalchemy/dialects/postgresql/psycopg.py wave2b Chinese class docs
2026-08-11T06:13:37Z DONE lib/sqlalchemy/dialects/postgresql/psycopg2.py wave2b Chinese class docs
