2026-08-11T04:27:43Z DONE Gruntfile.js wave1a Chinese class docs
2026-08-11T04:27:43Z DONE django/__init__.py wave1a Chinese class docs
2026-08-11T04:27:43Z DONE django/__main__.py wave1a Chinese class docs
2026-08-11T04:27:43Z DONE django/apps/__init__.py wave1a Chinese class docs
2026-08-11T04:27:43Z DONE django/apps/config.py wave1a Chinese class docs
2026-08-11T04:27:43Z DONE django/apps/registry.py wave1a Chinese class docs
2026-08-11T04:27:43Z DONE django/conf/__init__.py wave1a Chinese class docs
2026-08-11T04:27:43Z DONE django/conf/global_settings.py wave1a Chinese class docs
2026-08-11T04:27:43Z DONE django/conf/locale/__init__.py wave1a Chinese class docs
2026-08-11T04:27:43Z DONE django/conf/locale/ar/__init__.py wave1a Chinese class docs
2026-08-11T04:27:43Z DONE django/conf/locale/ar/formats.py wave1a Chinese class docs
2026-08-11T04:27:43Z DONE django/conf/locale/ar_DZ/__init__.py wave1a Chinese class docs
2026-08-11T04:27:43Z DONE django/conf/locale/ar_DZ/formats.py wave1a Chinese class docs
2026-08-11T04:27:43Z DONE django/conf/locale/az/__init__.py wave1a Chinese class docs
2026-08-11T04:27:43Z DONE django/conf/locale/az/formats.py wave1a Chinese class docs
2026-08-11T04:28:26Z DONE django/conf/locale/bg/__init__.py wave1b Chinese class docs
2026-08-11T04:28:26Z DONE django/conf/locale/bg/formats.py wave1b Chinese class docs
2026-08-11T04:28:26Z DONE django/conf/locale/bn/__init__.py wave1b Chinese class docs
2026-08-11T04:28:26Z DONE django/conf/locale/bn/formats.py wave1b Chinese class docs
2026-08-11T04:28:26Z DONE django/conf/locale/bs/__init__.py wave1b Chinese class docs
2026-08-11T04:28:26Z DONE django/conf/locale/bs/formats.py wave1b Chinese class docs
2026-08-11T04:28:26Z DONE django/conf/locale/ca/__init__.py wave1b Chinese class docs
2026-08-11T04:28:26Z DONE django/conf/locale/ca/formats.py wave1b Chinese class docs
2026-08-11T04:28:26Z DONE django/conf/locale/ckb/__init__.py wave1b Chinese class docs
2026-08-11T04:28:26Z DONE django/conf/locale/ckb/formats.py wave1b Chinese class docs
2026-08-11T04:28:26Z DONE django/conf/locale/cs/__init__.py wave1b Chinese class docs
2026-08-11T04:28:26Z DONE django/conf/locale/cs/formats.py wave1b Chinese class docs
2026-08-11T04:28:26Z DONE django/conf/locale/cy/__init__.py wave1b Chinese class docs
2026-08-11T04:28:26Z DONE django/conf/locale/cy/formats.py wave1b Chinese class docs
2026-08-11T04:28:26Z DONE django/conf/locale/da/__init__.py wave1b Chinese class docs
